[2021-10-22T11:10:09.366+0200][0.045s] Using G1
[2021-10-22T11:10:09.889+0200][0.570s] Version: 15.0.1+9-18 (release)
[2021-10-22T11:10:09.889+0200][0.570s] CPUs: 8 total, 8 available
[2021-10-22T11:10:09.890+0200][0.570s] Memory: 8039M
[2021-10-22T11:10:09.890+0200][0.570s] Large Page Support: Disabled
[2021-10-22T11:10:09.890+0200][0.570s] NUMA Support: Disabled
[2021-10-22T11:10:09.890+0200][0.570s] Compressed Oops: Enabled (32-bit)
[2021-10-22T11:10:09.890+0200][0.570s] Heap Region Size: 1M
[2021-10-22T11:10:09.890+0200][0.570s] Heap Min Capacity: 512M
[2021-10-22T11:10:09.890+0200][0.570s] Heap Initial Capacity: 512M
[2021-10-22T11:10:09.890+0200][0.570s] Heap Max Capacity: 512M
[2021-10-22T11:10:09.890+0200][0.570s] Pre-touch: Enabled
[2021-10-22T11:10:09.890+0200][0.571s] Parallel Workers: 8
[2021-10-22T11:10:09.890+0200][0.571s] Concurrent Workers: 2
[2021-10-22T11:10:09.890+0200][0.571s] Concurrent Refinement Workers: 8
[2021-10-22T11:10:09.891+0200][0.571s] Periodic GC: Disabled
[2021-10-22T11:10:09.894+0200][0.574s] CDS archive(s) mapped at: [0x0000000800000000-0x0000000800b50000-0x0000000800b50000), size 11862016, SharedBaseAddress: 0x0000000800000000, ArchiveRelocationMode: 0.
[2021-10-22T11:10:09.894+0200][0.574s] Compressed class space mapped at: 0x0000000800b50000-0x0000000840b50000, size: 1073741824
[2021-10-22T11:10:09.894+0200][0.574s] Narrow klass base: 0x0000000800000000, Narrow klass shift: 3, Narrow klass range: 0x100000000
[2021-10-22T11:10:15.399+0200][6.079s] GC(0) Pause Young (Normal) (G1 Evacuation Pause)
[2021-10-22T11:10:15.400+0200][6.080s] GC(0) Using 8 workers of 8 for evacuation
[2021-10-22T11:10:15.406+0200][6.087s] GC(0)   Pre Evacuate Collection Set: 0.9ms
[2021-10-22T11:10:15.407+0200][6.087s] GC(0)   Merge Heap Roots: 0.1ms
[2021-10-22T11:10:15.407+0200][6.087s] GC(0)   Evacuate Collection Set: 3.9ms
[2021-10-22T11:10:15.407+0200][6.087s] GC(0)   Post Evacuate Collection Set: 1.2ms
[2021-10-22T11:10:15.407+0200][6.087s] GC(0)   Other: 2.4ms
[2021-10-22T11:10:15.407+0200][6.088s] GC(0) Eden regions: 29->0(42)
[2021-10-22T11:10:15.409+0200][6.088s] GC(0) Survivor regions: 0->4(4)
[2021-10-22T11:10:15.409+0200][6.088s] GC(0) Old regions: 0->0
[2021-10-22T11:10:15.409+0200][6.088s] GC(0) Archive regions: 0->0
[2021-10-22T11:10:15.409+0200][6.088s] GC(0) Humongous regions: 0->0
[2021-10-22T11:10:15.409+0200][6.088s] GC(0) Metaspace: 6751K(7808K)->6751K(7808K) NonClass: 5974K(6912K)->5974K(6912K) Class: 777K(896K)->777K(896K)
[2021-10-22T11:10:15.409+0200][6.088s] GC(0) Pause Young (Normal) (G1 Evacuation Pause) 29M->3M(512M) 9.029ms
[2021-10-22T11:10:15.409+0200][6.088s] GC(0) User=0.03s Sys=0.00s Real=0.01s
[2021-10-22T11:10:16.710+0200][7.390s] GC(1) Pause Young (Normal) (G1 Evacuation Pause)
[2021-10-22T11:10:16.710+0200][7.390s] GC(1) Using 8 workers of 8 for evacuation
[2021-10-22T11:10:16.726+0200][7.407s] GC(1)   Pre Evacuate Collection Set: 0.2ms
[2021-10-22T11:10:16.726+0200][7.407s] GC(1)   Merge Heap Roots: 0.1ms
[2021-10-22T11:10:16.726+0200][7.407s] GC(1)   Evacuate Collection Set: 15.4ms
[2021-10-22T11:10:16.726+0200][7.407s] GC(1)   Post Evacuate Collection Set: 1.1ms
[2021-10-22T11:10:16.727+0200][7.407s] GC(1)   Other: 0.3ms
[2021-10-22T11:10:16.727+0200][7.407s] GC(1) Eden regions: 42->0(301)
[2021-10-22T11:10:16.727+0200][7.407s] GC(1) Survivor regions: 4->6(6)
[2021-10-22T11:10:16.727+0200][7.407s] GC(1) Old regions: 0->7
[2021-10-22T11:10:16.727+0200][7.407s] GC(1) Archive regions: 0->0
[2021-10-22T11:10:16.727+0200][7.407s] GC(1) Humongous regions: 4->4
[2021-10-22T11:10:16.727+0200][7.407s] GC(1) Metaspace: 14476K(14848K)->14476K(14848K) NonClass: 12807K(13056K)->12807K(13056K) Class: 1668K(1792K)->1668K(1792K)
[2021-10-22T11:10:16.727+0200][7.407s] GC(1) Pause Young (Normal) (G1 Evacuation Pause) 49M->16M(512M) 17.512ms
[2021-10-22T11:10:16.727+0200][7.407s] GC(1) User=0.12s Sys=0.00s Real=0.02s
[2021-10-22T11:10:19.065+0200][9.745s] GC(2) Pause Young (Concurrent Start) (Metadata GC Threshold)
[2021-10-22T11:10:19.065+0200][9.745s] GC(2) Using 8 workers of 8 for evacuation
[2021-10-22T11:10:19.082+0200][9.762s] GC(2)   Pre Evacuate Collection Set: 0.3ms
[2021-10-22T11:10:19.082+0200][9.763s] GC(2)   Merge Heap Roots: 0.2ms
[2021-10-22T11:10:19.082+0200][9.763s] GC(2)   Evacuate Collection Set: 14.0ms
[2021-10-22T11:10:19.082+0200][9.763s] GC(2)   Post Evacuate Collection Set: 1.6ms
[2021-10-22T11:10:19.083+0200][9.763s] GC(2)   Other: 1.4ms
[2021-10-22T11:10:19.083+0200][9.763s] GC(2) Eden regions: 53->0(181)
[2021-10-22T11:10:19.083+0200][9.763s] GC(2) Survivor regions: 6->14(39)
[2021-10-22T11:10:19.083+0200][9.763s] GC(2) Old regions: 7->7
[2021-10-22T11:10:19.083+0200][9.763s] GC(2) Archive regions: 0->0
[2021-10-22T11:10:19.083+0200][9.763s] GC(2) Humongous regions: 4->4
[2021-10-22T11:10:19.083+0200][9.763s] GC(2) Metaspace: 20912K(21296K)->20912K(21296K) NonClass: 18606K(18864K)->18606K(18864K) Class: 2305K(2432K)->2305K(2432K)
[2021-10-22T11:10:19.084+0200][9.763s] GC(2) Pause Young (Concurrent Start) (Metadata GC Threshold) 69M->23M(512M) 18.393ms
[2021-10-22T11:10:19.084+0200][9.764s] GC(2) User=0.11s Sys=0.00s Real=0.02s
[2021-10-22T11:10:19.084+0200][9.764s] GC(3) Concurrent Cycle
[2021-10-22T11:10:19.084+0200][9.764s] GC(3) Concurrent Clear Claimed Marks
[2021-10-22T11:10:19.084+0200][9.764s] GC(3) Concurrent Clear Claimed Marks 0.116ms
[2021-10-22T11:10:19.084+0200][9.764s] GC(3) Concurrent Scan Root Regions
[2021-10-22T11:10:19.095+0200][9.775s] GC(3) Concurrent Scan Root Regions 11.448ms
[2021-10-22T11:10:19.095+0200][9.775s] GC(3) Concurrent Mark (9.775s)
[2021-10-22T11:10:19.095+0200][9.776s] GC(3) Concurrent Mark From Roots
[2021-10-22T11:10:19.095+0200][9.776s] GC(3) Using 2 workers of 2 for marking
[2021-10-22T11:10:19.119+0200][9.798s] GC(3) Concurrent Mark From Roots 22.714ms
[2021-10-22T11:10:19.119+0200][9.798s] GC(3) Concurrent Preclean
[2021-10-22T11:10:19.119+0200][9.799s] GC(3) Concurrent Preclean 0.334ms
[2021-10-22T11:10:19.119+0200][9.799s] GC(3) Concurrent Mark (9.775s, 9.799s) 23.231ms
[2021-10-22T11:10:19.119+0200][9.799s] GC(3) Pause Remark
[2021-10-22T11:10:19.122+0200][9.802s] GC(3) Pause Remark 25M->25M(512M) 2.797ms
[2021-10-22T11:10:19.122+0200][9.802s] GC(3) User=0.00s Sys=0.00s Real=0.00s
[2021-10-22T11:10:19.122+0200][9.802s] GC(3) Concurrent Rebuild Remembered Sets
[2021-10-22T11:10:19.135+0200][9.816s] GC(3) Concurrent Rebuild Remembered Sets 13.481ms
[2021-10-22T11:10:19.136+0200][9.816s] GC(3) Pause Cleanup
[2021-10-22T11:10:19.136+0200][9.817s] GC(3) Pause Cleanup 26M->26M(512M) 0.240ms
[2021-10-22T11:10:19.136+0200][9.817s] GC(3) User=0.00s Sys=0.00s Real=0.00s
[2021-10-22T11:10:19.136+0200][9.817s] GC(3) Concurrent Cleanup for Next Mark
[2021-10-22T11:10:19.137+0200][9.817s] GC(3) Concurrent Cleanup for Next Mark 0.695ms
[2021-10-22T11:10:19.137+0200][9.818s] GC(3) Concurrent Cycle 53.960ms
[2021-10-22T11:10:23.184+0200][13.865s] GC(4) Pause Young (Concurrent Start) (G1 Evacuation Pause)
[2021-10-22T11:10:23.184+0200][13.865s] GC(4) Using 8 workers of 8 for evacuation
[2021-10-22T11:10:23.204+0200][13.884s] GC(4)   Pre Evacuate Collection Set: 0.2ms
[2021-10-22T11:10:23.204+0200][13.885s] GC(4)   Merge Heap Roots: 0.1ms
[2021-10-22T11:10:23.204+0200][13.885s] GC(4)   Evacuate Collection Set: 17.3ms
[2021-10-22T11:10:23.204+0200][13.885s] GC(4)   Post Evacuate Collection Set: 1.6ms
[2021-10-22T11:10:23.205+0200][13.885s] GC(4)   Other: 0.6ms
[2021-10-22T11:10:23.205+0200][13.885s] GC(4) Eden regions: 189->0(287)
[2021-10-22T11:10:23.205+0200][13.885s] GC(4) Survivor regions: 14->20(26)
[2021-10-22T11:10:23.205+0200][13.885s] GC(4) Old regions: 7->7
[2021-10-22T11:10:23.205+0200][13.885s] GC(4) Archive regions: 0->0
[2021-10-22T11:10:23.205+0200][13.885s] GC(4) Humongous regions: 4->4
[2021-10-22T11:10:23.205+0200][13.885s] GC(4) Metaspace: 35146K(35888K)->35146K(35888K) NonClass: 31184K(31664K)->31184K(31664K) Class: 3961K(4224K)->3961K(4224K)
[2021-10-22T11:10:23.205+0200][13.885s] GC(4) Pause Young (Concurrent Start) (G1 Evacuation Pause) 212M->30M(512M) 20.657ms
[2021-10-22T11:10:23.206+0200][13.886s] GC(4) User=0.12s Sys=0.03s Real=0.02s
[2021-10-22T11:10:23.206+0200][13.886s] GC(5) Concurrent Cycle
[2021-10-22T11:10:23.207+0200][13.886s] GC(5) Concurrent Clear Claimed Marks
[2021-10-22T11:10:23.207+0200][13.886s] GC(5) Concurrent Clear Claimed Marks 0.089ms
[2021-10-22T11:10:23.207+0200][13.886s] GC(5) Concurrent Scan Root Regions
[2021-10-22T11:10:23.221+0200][13.901s] GC(5) Concurrent Scan Root Regions 14.439ms
[2021-10-22T11:10:23.221+0200][13.901s] GC(5) Concurrent Mark (13.901s)
[2021-10-22T11:10:23.221+0200][13.901s] GC(5) Concurrent Mark From Roots
[2021-10-22T11:10:23.221+0200][13.901s] GC(5) Using 2 workers of 2 for marking
[2021-10-22T11:10:23.245+0200][13.925s] GC(5) Concurrent Mark From Roots 24.250ms
[2021-10-22T11:10:23.245+0200][13.925s] GC(5) Concurrent Preclean
[2021-10-22T11:10:23.246+0200][13.926s] GC(5) Concurrent Preclean 0.564ms
[2021-10-22T11:10:23.246+0200][13.926s] GC(5) Concurrent Mark (13.901s, 13.926s) 25.083ms
[2021-10-22T11:10:23.246+0200][13.926s] GC(5) Pause Remark
[2021-10-22T11:10:23.249+0200][13.929s] GC(5) Pause Remark 54M->54M(512M) 3.150ms
[2021-10-22T11:10:23.249+0200][13.930s] GC(5) User=0.00s Sys=0.00s Real=0.00s
[2021-10-22T11:10:23.249+0200][13.930s] GC(5) Concurrent Rebuild Remembered Sets
[2021-10-22T11:10:23.262+0200][13.942s] GC(5) Concurrent Rebuild Remembered Sets 12.600ms
[2021-10-22T11:10:23.263+0200][13.943s] GC(5) Pause Cleanup
[2021-10-22T11:10:23.263+0200][13.943s] GC(5) Pause Cleanup 59M->59M(512M) 0.253ms
[2021-10-22T11:10:23.263+0200][13.943s] GC(5) User=0.00s Sys=0.00s Real=0.00s
[2021-10-22T11:10:23.263+0200][13.943s] GC(5) Concurrent Cleanup for Next Mark
[2021-10-22T11:10:23.264+0200][13.944s] GC(5) Concurrent Cleanup for Next Mark 1.142ms
[2021-10-22T11:10:23.264+0200][13.945s] GC(5) Concurrent Cycle 58.597ms
[2021-10-22T11:10:25.357+0200][16.037s] GC(6) Pause Young (Normal) (G1 Evacuation Pause)
[2021-10-22T11:10:25.357+0200][16.037s] GC(6) Using 8 workers of 8 for evacuation
[2021-10-22T11:10:25.378+0200][16.058s] GC(6)   Pre Evacuate Collection Set: 0.2ms
[2021-10-22T11:10:25.378+0200][16.058s] GC(6)   Merge Heap Roots: 0.2ms
[2021-10-22T11:10:25.378+0200][16.058s] GC(6)   Evacuate Collection Set: 18.8ms
[2021-10-22T11:10:25.378+0200][16.058s] GC(6)   Post Evacuate Collection Set: 1.6ms
[2021-10-22T11:10:25.378+0200][16.058s] GC(6)   Other: 0.4ms
[2021-10-22T11:10:25.378+0200][16.058s] GC(6) Eden regions: 287->0(283)
[2021-10-22T11:10:25.378+0200][16.058s] GC(6) Survivor regions: 20->24(39)
[2021-10-22T11:10:25.378+0200][16.058s] GC(6) Old regions: 7->7
[2021-10-22T11:10:25.378+0200][16.059s] GC(6) Archive regions: 0->0
[2021-10-22T11:10:25.378+0200][16.059s] GC(6) Humongous regions: 5->4
[2021-10-22T11:10:25.378+0200][16.059s] GC(6) Metaspace: 41363K(41904K)->41363K(41904K) NonClass: 36665K(37040K)->36665K(37040K) Class: 4698K(4864K)->4698K(4864K)
[2021-10-22T11:10:25.378+0200][16.059s] GC(6) Pause Young (Normal) (G1 Evacuation Pause) 318M->34M(512M) 21.728ms
[2021-10-22T11:10:25.379+0200][16.059s] GC(6) User=0.25s Sys=0.00s Real=0.02s
