[2021-10-16T21:18:39.087+0200][0.037s] Using G1
[2021-10-16T21:18:39.534+0200][0.483s] Version: 15.0.1+9-18 (release)
[2021-10-16T21:18:39.534+0200][0.483s] CPUs: 8 total, 8 available
[2021-10-16T21:18:39.534+0200][0.483s] Memory: 8039M
[2021-10-16T21:18:39.534+0200][0.483s] Large Page Support: Disabled
[2021-10-16T21:18:39.534+0200][0.483s] NUMA Support: Disabled
[2021-10-16T21:18:39.534+0200][0.483s] Compressed Oops: Enabled (32-bit)
[2021-10-16T21:18:39.534+0200][0.483s] Heap Region Size: 1M
[2021-10-16T21:18:39.534+0200][0.483s] Heap Min Capacity: 512M
[2021-10-16T21:18:39.534+0200][0.483s] Heap Initial Capacity: 512M
[2021-10-16T21:18:39.534+0200][0.483s] Heap Max Capacity: 512M
[2021-10-16T21:18:39.534+0200][0.483s] Pre-touch: Enabled
[2021-10-16T21:18:39.534+0200][0.484s] Parallel Workers: 8
[2021-10-16T21:18:39.534+0200][0.484s] Concurrent Workers: 2
[2021-10-16T21:18:39.534+0200][0.484s] Concurrent Refinement Workers: 8
[2021-10-16T21:18:39.535+0200][0.484s] Periodic GC: Disabled
[2021-10-16T21:18:39.537+0200][0.486s] CDS archive(s) mapped at: [0x0000000800000000-0x0000000800b50000-0x0000000800b50000), size 11862016, SharedBaseAddress: 0x0000000800000000, ArchiveRelocationMode: 0.
[2021-10-16T21:18:39.537+0200][0.486s] Compressed class space mapped at: 0x0000000800b50000-0x0000000840b50000, size: 1073741824
[2021-10-16T21:18:39.537+0200][0.486s] Narrow klass base: 0x0000000800000000, Narrow klass shift: 3, Narrow klass range: 0x100000000
[2021-10-16T21:18:42.219+0200][3.167s] GC(0) Pause Young (Normal) (G1 Evacuation Pause)
[2021-10-16T21:18:42.220+0200][3.168s] GC(0) Using 8 workers of 8 for evacuation
[2021-10-16T21:18:42.225+0200][3.173s] GC(0)   Pre Evacuate Collection Set: 0.1ms
[2021-10-16T21:18:42.225+0200][3.173s] GC(0)   Merge Heap Roots: 0.1ms
[2021-10-16T21:18:42.225+0200][3.173s] GC(0)   Evacuate Collection Set: 4.1ms
[2021-10-16T21:18:42.225+0200][3.173s] GC(0)   Post Evacuate Collection Set: 0.6ms
[2021-10-16T21:18:42.225+0200][3.173s] GC(0)   Other: 1.1ms
[2021-10-16T21:18:42.225+0200][3.174s] GC(0) Eden regions: 29->0(42)
[2021-10-16T21:18:42.225+0200][3.174s] GC(0) Survivor regions: 0->4(4)
[2021-10-16T21:18:42.225+0200][3.174s] GC(0) Old regions: 0->0
[2021-10-16T21:18:42.225+0200][3.174s] GC(0) Archive regions: 0->0
[2021-10-16T21:18:42.225+0200][3.174s] GC(0) Humongous regions: 0->0
[2021-10-16T21:18:42.225+0200][3.174s] GC(0) Metaspace: 6741K(7808K)->6741K(7808K) NonClass: 5964K(6912K)->5964K(6912K) Class: 777K(896K)->777K(896K)
[2021-10-16T21:18:42.225+0200][3.174s] GC(0) Pause Young (Normal) (G1 Evacuation Pause) 29M->3M(512M) 6.276ms
[2021-10-16T21:18:42.225+0200][3.174s] GC(0) User=0.03s Sys=0.00s Real=0.01s
[2021-10-16T21:18:43.242+0200][4.191s] GC(1) Pause Young (Normal) (G1 Evacuation Pause)
[2021-10-16T21:18:43.242+0200][4.191s] GC(1) Using 8 workers of 8 for evacuation
[2021-10-16T21:18:43.255+0200][4.204s] GC(1)   Pre Evacuate Collection Set: 0.1ms
[2021-10-16T21:18:43.255+0200][4.204s] GC(1)   Merge Heap Roots: 0.1ms
[2021-10-16T21:18:43.255+0200][4.204s] GC(1)   Evacuate Collection Set: 11.9ms
[2021-10-16T21:18:43.255+0200][4.204s] GC(1)   Post Evacuate Collection Set: 0.7ms
[2021-10-16T21:18:43.255+0200][4.204s] GC(1)   Other: 0.2ms
[2021-10-16T21:18:43.256+0200][4.204s] GC(1) Eden regions: 42->0(301)
[2021-10-16T21:18:43.256+0200][4.204s] GC(1) Survivor regions: 4->6(6)
[2021-10-16T21:18:43.256+0200][4.204s] GC(1) Old regions: 0->7
[2021-10-16T21:18:43.256+0200][4.204s] GC(1) Archive regions: 0->0
[2021-10-16T21:18:43.256+0200][4.204s] GC(1) Humongous regions: 4->4
[2021-10-16T21:18:43.256+0200][4.204s] GC(1) Metaspace: 14653K(15104K)->14653K(15104K) NonClass: 12970K(13312K)->12970K(13312K) Class: 1683K(1792K)->1683K(1792K)
[2021-10-16T21:18:43.256+0200][4.204s] GC(1) Pause Young (Normal) (G1 Evacuation Pause) 49M->16M(512M) 13.267ms
[2021-10-16T21:18:43.256+0200][4.204s] GC(1) User=0.00s Sys=0.02s Real=0.01s
[2021-10-16T21:18:44.585+0200][5.534s] GC(2) Pause Young (Concurrent Start) (Metadata GC Threshold)
[2021-10-16T21:18:44.586+0200][5.534s] GC(2) Using 8 workers of 8 for evacuation
[2021-10-16T21:18:44.595+0200][5.544s] GC(2)   Pre Evacuate Collection Set: 0.1ms
[2021-10-16T21:18:44.595+0200][5.544s] GC(2)   Merge Heap Roots: 0.1ms
[2021-10-16T21:18:44.595+0200][5.544s] GC(2)   Evacuate Collection Set: 7.6ms
[2021-10-16T21:18:44.595+0200][5.544s] GC(2)   Post Evacuate Collection Set: 1.2ms
[2021-10-16T21:18:44.596+0200][5.544s] GC(2)   Other: 0.8ms
[2021-10-16T21:18:44.596+0200][5.544s] GC(2) Eden regions: 51->0(293)
[2021-10-16T21:18:44.596+0200][5.544s] GC(2) Survivor regions: 6->14(39)
[2021-10-16T21:18:44.596+0200][5.544s] GC(2) Old regions: 7->7
[2021-10-16T21:18:44.596+0200][5.544s] GC(2) Archive regions: 0->0
[2021-10-16T21:18:44.596+0200][5.544s] GC(2) Humongous regions: 4->4
[2021-10-16T21:18:44.596+0200][5.544s] GC(2) Metaspace: 20879K(21296K)->20879K(21296K) NonClass: 18572K(18864K)->18572K(18864K) Class: 2306K(2432K)->2306K(2432K)
[2021-10-16T21:18:44.596+0200][5.544s] GC(2) Pause Young (Concurrent Start) (Metadata GC Threshold) 66M->23M(512M) 10.322ms
[2021-10-16T21:18:44.596+0200][5.544s] GC(2) User=0.00s Sys=0.00s Real=0.01s
[2021-10-16T21:18:44.596+0200][5.545s] GC(3) Concurrent Cycle
[2021-10-16T21:18:44.596+0200][5.545s] GC(3) Concurrent Clear Claimed Marks
[2021-10-16T21:18:44.596+0200][5.545s] GC(3) Concurrent Clear Claimed Marks 0.050ms
[2021-10-16T21:18:44.596+0200][5.545s] GC(3) Concurrent Scan Root Regions
[2021-10-16T21:18:44.602+0200][5.551s] GC(3) Concurrent Scan Root Regions 6.079ms
[2021-10-16T21:18:44.602+0200][5.551s] GC(3) Concurrent Mark (5.551s)
[2021-10-16T21:18:44.602+0200][5.551s] GC(3) Concurrent Mark From Roots
[2021-10-16T21:18:44.602+0200][5.551s] GC(3) Using 2 workers of 2 for marking
[2021-10-16T21:18:44.619+0200][5.568s] GC(3) Concurrent Mark From Roots 16.744ms
[2021-10-16T21:18:44.619+0200][5.568s] GC(3) Concurrent Preclean
[2021-10-16T21:18:44.619+0200][5.568s] GC(3) Concurrent Preclean 0.254ms
[2021-10-16T21:18:44.619+0200][5.568s] GC(3) Concurrent Mark (5.551s, 5.568s) 17.128ms
[2021-10-16T21:18:44.620+0200][5.568s] GC(3) Pause Remark
[2021-10-16T21:18:44.622+0200][5.571s] GC(3) Pause Remark 25M->25M(512M) 2.409ms
[2021-10-16T21:18:44.622+0200][5.571s] GC(3) User=0.00s Sys=0.00s Real=0.00s
[2021-10-16T21:18:44.622+0200][5.571s] GC(3) Concurrent Rebuild Remembered Sets
[2021-10-16T21:18:44.632+0200][5.580s] GC(3) Concurrent Rebuild Remembered Sets 9.444ms
[2021-10-16T21:18:44.632+0200][5.581s] GC(3) Pause Cleanup
[2021-10-16T21:18:44.633+0200][5.581s] GC(3) Pause Cleanup 25M->25M(512M) 0.213ms
[2021-10-16T21:18:44.633+0200][5.581s] GC(3) User=0.00s Sys=0.00s Real=0.00s
[2021-10-16T21:18:44.633+0200][5.581s] GC(3) Concurrent Cleanup for Next Mark
[2021-10-16T21:18:44.633+0200][5.582s] GC(3) Concurrent Cleanup for Next Mark 0.551ms
[2021-10-16T21:18:44.633+0200][5.582s] GC(3) Concurrent Cycle 37.542ms
[2021-10-16T21:18:47.276+0200][8.225s] GC(4) Pause Young (Concurrent Start) (Metadata GC Threshold)
[2021-10-16T21:18:47.276+0200][8.225s] GC(4) Using 8 workers of 8 for evacuation
[2021-10-16T21:18:47.289+0200][8.238s] GC(4)   Pre Evacuate Collection Set: 0.1ms
[2021-10-16T21:18:47.289+0200][8.238s] GC(4)   Merge Heap Roots: 0.1ms
[2021-10-16T21:18:47.289+0200][8.238s] GC(4)   Evacuate Collection Set: 11.1ms
[2021-10-16T21:18:47.289+0200][8.238s] GC(4)   Post Evacuate Collection Set: 1.0ms
[2021-10-16T21:18:47.289+0200][8.238s] GC(4)   Other: 0.3ms
[2021-10-16T21:18:47.289+0200][8.238s] GC(4) Eden regions: 180->0(287)
[2021-10-16T21:18:47.289+0200][8.238s] GC(4) Survivor regions: 14->20(39)
[2021-10-16T21:18:47.289+0200][8.238s] GC(4) Old regions: 7->7
[2021-10-16T21:18:47.289+0200][8.238s] GC(4) Archive regions: 0->0
[2021-10-16T21:18:47.289+0200][8.238s] GC(4) Humongous regions: 4->4
[2021-10-16T21:18:47.289+0200][8.238s] GC(4) Metaspace: 35980K(36476K)->35980K(36476K) NonClass: 31898K(32176K)->31898K(32176K) Class: 4082K(4300K)->4082K(4300K)
[2021-10-16T21:18:47.289+0200][8.238s] GC(4) Pause Young (Concurrent Start) (Metadata GC Threshold) 202M->29M(512M) 12.941ms
[2021-10-16T21:18:47.289+0200][8.238s] GC(4) User=0.12s Sys=0.00s Real=0.01s
[2021-10-16T21:18:47.289+0200][8.238s] GC(5) Concurrent Cycle
[2021-10-16T21:18:47.289+0200][8.238s] GC(5) Concurrent Clear Claimed Marks
[2021-10-16T21:18:47.289+0200][8.238s] GC(5) Concurrent Clear Claimed Marks 0.043ms
[2021-10-16T21:18:47.290+0200][8.238s] GC(5) Concurrent Scan Root Regions
[2021-10-16T21:18:47.300+0200][8.249s] GC(5) Concurrent Scan Root Regions 10.257ms
[2021-10-16T21:18:47.300+0200][8.249s] GC(5) Concurrent Mark (8.249s)
[2021-10-16T21:18:47.300+0200][8.249s] GC(5) Concurrent Mark From Roots
[2021-10-16T21:18:47.300+0200][8.249s] GC(5) Using 2 workers of 2 for marking
[2021-10-16T21:18:47.317+0200][8.266s] GC(5) Concurrent Mark From Roots 16.928ms
[2021-10-16T21:18:47.317+0200][8.266s] GC(5) Concurrent Preclean
[2021-10-16T21:18:47.317+0200][8.266s] GC(5) Concurrent Preclean 0.267ms
[2021-10-16T21:18:47.317+0200][8.266s] GC(5) Concurrent Mark (8.249s, 8.266s) 17.348ms
[2021-10-16T21:18:47.317+0200][8.266s] GC(5) Pause Remark
[2021-10-16T21:18:47.320+0200][8.268s] GC(5) Pause Remark 40M->40M(512M) 2.262ms
[2021-10-16T21:18:47.320+0200][8.268s] GC(5) User=0.11s Sys=0.00s Real=0.00s
[2021-10-16T21:18:47.320+0200][8.269s] GC(5) Concurrent Rebuild Remembered Sets
[2021-10-16T21:18:47.329+0200][8.278s] GC(5) Concurrent Rebuild Remembered Sets 9.173ms
[2021-10-16T21:18:47.329+0200][8.278s] GC(5) Pause Cleanup
[2021-10-16T21:18:47.330+0200][8.278s] GC(5) Pause Cleanup 45M->45M(512M) 0.189ms
[2021-10-16T21:18:47.330+0200][8.278s] GC(5) User=0.00s Sys=0.00s Real=0.00s
[2021-10-16T21:18:47.330+0200][8.279s] GC(5) Concurrent Cleanup for Next Mark
[2021-10-16T21:18:47.331+0200][8.279s] GC(5) Concurrent Cleanup for Next Mark 0.796ms
[2021-10-16T21:18:47.331+0200][8.279s] GC(5) Concurrent Cycle 41.330ms
[2021-10-16T21:20:47.402+0200][128.351s] GC(6) Pause Young (Normal) (G1 Evacuation Pause)
[2021-10-16T21:20:47.402+0200][128.351s] GC(6) Using 8 workers of 8 for evacuation
[2021-10-16T21:20:47.421+0200][128.370s] GC(6)   Pre Evacuate Collection Set: 0.1ms
[2021-10-16T21:20:47.421+0200][128.370s] GC(6)   Merge Heap Roots: 0.1ms
[2021-10-16T21:20:47.421+0200][128.370s] GC(6)   Evacuate Collection Set: 17.4ms
[2021-10-16T21:20:47.421+0200][128.370s] GC(6)   Post Evacuate Collection Set: 1.4ms
[2021-10-16T21:20:47.422+0200][128.370s] GC(6)   Other: 0.3ms
[2021-10-16T21:20:47.422+0200][128.370s] GC(6) Eden regions: 287->0(276)
[2021-10-16T21:20:47.422+0200][128.370s] GC(6) Survivor regions: 20->31(39)
[2021-10-16T21:20:47.422+0200][128.370s] GC(6) Old regions: 7->7
[2021-10-16T21:20:47.422+0200][128.370s] GC(6) Archive regions: 0->0
[2021-10-16T21:20:47.422+0200][128.370s] GC(6) Humongous regions: 5->4
[2021-10-16T21:20:47.422+0200][128.370s] GC(6) Metaspace: 48805K(49532K)->48805K(49532K) NonClass: 43203K(43696K)->43203K(43696K) Class: 5602K(5836K)->5602K(5836K)
[2021-10-16T21:20:47.422+0200][128.370s] GC(6) Pause Young (Normal) (G1 Evacuation Pause) 317M->41M(512M) 19.711ms
[2021-10-16T21:20:47.422+0200][128.371s] GC(6) User=0.12s Sys=0.00s Real=0.02s
[2021-10-16T21:32:41.428+0200][842.377s] Heap
[2021-10-16T21:32:41.428+0200][842.377s]  garbage-first heap   total 524288K, used 149628K [0x00000000e0000000, 0x0000000100000000)
[2021-10-16T21:32:41.428+0200][842.377s]   region size 1024K, 137 young (140288K), 31 survivors (31744K)
[2021-10-16T21:32:41.428+0200][842.377s]  Metaspace       used 49759K, capacity 50280K, committed 50428K, reserved 1093632K
[2021-10-16T21:32:41.428+0200][842.377s]   class space    used 5687K, capacity 5861K, committed 5964K, reserved 1048576K
