[2021-10-20T15:13:11.928+0200][0.042s] Using G1
[2021-10-20T15:13:12.401+0200][0.514s] Version: 15.0.1+9-18 (release)
[2021-10-20T15:13:12.401+0200][0.514s] CPUs: 8 total, 8 available
[2021-10-20T15:13:12.401+0200][0.514s] Memory: 8039M
[2021-10-20T15:13:12.401+0200][0.514s] Large Page Support: Disabled
[2021-10-20T15:13:12.401+0200][0.514s] NUMA Support: Disabled
[2021-10-20T15:13:12.401+0200][0.514s] Compressed Oops: Enabled (32-bit)
[2021-10-20T15:13:12.401+0200][0.514s] Heap Region Size: 1M
[2021-10-20T15:13:12.401+0200][0.514s] Heap Min Capacity: 512M
[2021-10-20T15:13:12.401+0200][0.514s] Heap Initial Capacity: 512M
[2021-10-20T15:13:12.401+0200][0.514s] Heap Max Capacity: 512M
[2021-10-20T15:13:12.401+0200][0.515s] Pre-touch: Enabled
[2021-10-20T15:13:12.402+0200][0.515s] Parallel Workers: 8
[2021-10-20T15:13:12.402+0200][0.515s] Concurrent Workers: 2
[2021-10-20T15:13:12.402+0200][0.515s] Concurrent Refinement Workers: 8
[2021-10-20T15:13:12.402+0200][0.515s] Periodic GC: Disabled
[2021-10-20T15:13:12.405+0200][0.518s] CDS archive(s) mapped at: [0x0000000800000000-0x0000000800b50000-0x0000000800b50000), size 11862016, SharedBaseAddress: 0x0000000800000000, ArchiveRelocationMode: 0.
[2021-10-20T15:13:12.405+0200][0.518s] Compressed class space mapped at: 0x0000000800b50000-0x0000000840b50000, size: 1073741824
[2021-10-20T15:13:12.405+0200][0.518s] Narrow klass base: 0x0000000800000000, Narrow klass shift: 3, Narrow klass range: 0x100000000
[2021-10-20T15:13:18.450+0200][6.563s] GC(0) Pause Young (Normal) (G1 Evacuation Pause)
[2021-10-20T15:13:18.451+0200][6.564s] GC(0) Using 8 workers of 8 for evacuation
[2021-10-20T15:13:18.459+0200][6.572s] GC(0)   Pre Evacuate Collection Set: 0.2ms
[2021-10-20T15:13:18.459+0200][6.572s] GC(0)   Merge Heap Roots: 0.1ms
[2021-10-20T15:13:18.459+0200][6.572s] GC(0)   Evacuate Collection Set: 5.8ms
[2021-10-20T15:13:18.459+0200][6.572s] GC(0)   Post Evacuate Collection Set: 1.3ms
[2021-10-20T15:13:18.459+0200][6.572s] GC(0)   Other: 1.5ms
[2021-10-20T15:13:18.459+0200][6.572s] GC(0) Eden regions: 29->0(42)
[2021-10-20T15:13:18.459+0200][6.572s] GC(0) Survivor regions: 0->4(4)
[2021-10-20T15:13:18.460+0200][6.572s] GC(0) Old regions: 0->0
[2021-10-20T15:13:18.460+0200][6.572s] GC(0) Archive regions: 0->0
[2021-10-20T15:13:18.460+0200][6.573s] GC(0) Humongous regions: 0->0
[2021-10-20T15:13:18.460+0200][6.573s] GC(0) Metaspace: 6741K(7808K)->6741K(7808K) NonClass: 5963K(6912K)->5963K(6912K) Class: 777K(896K)->777K(896K)
[2021-10-20T15:13:18.460+0200][6.573s] GC(0) Pause Young (Normal) (G1 Evacuation Pause) 29M->3M(512M) 9.631ms
[2021-10-20T15:13:18.460+0200][6.573s] GC(0) User=0.05s Sys=0.00s Real=0.01s
[2021-10-20T15:13:19.698+0200][7.811s] GC(1) Pause Young (Normal) (G1 Evacuation Pause)
[2021-10-20T15:13:19.698+0200][7.811s] GC(1) Using 8 workers of 8 for evacuation
[2021-10-20T15:13:19.712+0200][7.825s] GC(1)   Pre Evacuate Collection Set: 0.1ms
[2021-10-20T15:13:19.712+0200][7.825s] GC(1)   Merge Heap Roots: 0.1ms
[2021-10-20T15:13:19.712+0200][7.825s] GC(1)   Evacuate Collection Set: 12.3ms
[2021-10-20T15:13:19.712+0200][7.825s] GC(1)   Post Evacuate Collection Set: 0.8ms
[2021-10-20T15:13:19.712+0200][7.825s] GC(1)   Other: 0.3ms
[2021-10-20T15:13:19.712+0200][7.825s] GC(1) Eden regions: 42->0(301)
[2021-10-20T15:13:19.712+0200][7.825s] GC(1) Survivor regions: 4->6(6)
[2021-10-20T15:13:19.712+0200][7.825s] GC(1) Old regions: 0->7
[2021-10-20T15:13:19.712+0200][7.825s] GC(1) Archive regions: 0->0
[2021-10-20T15:13:19.712+0200][7.825s] GC(1) Humongous regions: 4->4
[2021-10-20T15:13:19.712+0200][7.825s] GC(1) Metaspace: 14893K(15360K)->14893K(15360K) NonClass: 13176K(13568K)->13176K(13568K) Class: 1716K(1792K)->1716K(1792K)
[2021-10-20T15:13:19.712+0200][7.825s] GC(1) Pause Young (Normal) (G1 Evacuation Pause) 49M->16M(512M) 14.152ms
[2021-10-20T15:13:19.712+0200][7.825s] GC(1) User=0.11s Sys=0.00s Real=0.01s
[2021-10-20T15:13:21.244+0200][9.357s] GC(2) Pause Young (Concurrent Start) (Metadata GC Threshold)
[2021-10-20T15:13:21.245+0200][9.357s] GC(2) Using 8 workers of 8 for evacuation
[2021-10-20T15:13:21.254+0200][9.367s] GC(2)   Pre Evacuate Collection Set: 0.1ms
[2021-10-20T15:13:21.254+0200][9.367s] GC(2)   Merge Heap Roots: 0.1ms
[2021-10-20T15:13:21.254+0200][9.367s] GC(2)   Evacuate Collection Set: 7.2ms
[2021-10-20T15:13:21.254+0200][9.367s] GC(2)   Post Evacuate Collection Set: 1.2ms
[2021-10-20T15:13:21.254+0200][9.367s] GC(2)   Other: 0.7ms
[2021-10-20T15:13:21.254+0200][9.367s] GC(2) Eden regions: 50->0(293)
[2021-10-20T15:13:21.254+0200][9.367s] GC(2) Survivor regions: 6->14(39)
[2021-10-20T15:13:21.254+0200][9.367s] GC(2) Old regions: 7->7
[2021-10-20T15:13:21.254+0200][9.367s] GC(2) Archive regions: 0->0
[2021-10-20T15:13:21.254+0200][9.367s] GC(2) Humongous regions: 4->4
[2021-10-20T15:13:21.254+0200][9.367s] GC(2) Metaspace: 20863K(21296K)->20863K(21296K) NonClass: 18561K(18864K)->18561K(18864K) Class: 2302K(2432K)->2302K(2432K)
[2021-10-20T15:13:21.254+0200][9.367s] GC(2) Pause Young (Concurrent Start) (Metadata GC Threshold) 66M->23M(512M) 9.621ms
[2021-10-20T15:13:21.254+0200][9.367s] GC(2) User=0.00s Sys=0.00s Real=0.01s
[2021-10-20T15:13:21.254+0200][9.367s] GC(3) Concurrent Cycle
[2021-10-20T15:13:21.254+0200][9.367s] GC(3) Concurrent Clear Claimed Marks
[2021-10-20T15:13:21.254+0200][9.367s] GC(3) Concurrent Clear Claimed Marks 0.048ms
[2021-10-20T15:13:21.254+0200][9.367s] GC(3) Concurrent Scan Root Regions
[2021-10-20T15:13:21.259+0200][9.372s] GC(3) Concurrent Scan Root Regions 4.772ms
[2021-10-20T15:13:21.259+0200][9.372s] GC(3) Concurrent Mark (9.372s)
[2021-10-20T15:13:21.259+0200][9.372s] GC(3) Concurrent Mark From Roots
[2021-10-20T15:13:21.259+0200][9.372s] GC(3) Using 2 workers of 2 for marking
[2021-10-20T15:13:21.273+0200][9.385s] GC(3) Concurrent Mark From Roots 13.307ms
[2021-10-20T15:13:21.273+0200][9.385s] GC(3) Concurrent Preclean
[2021-10-20T15:13:21.273+0200][9.386s] GC(3) Concurrent Preclean 0.246ms
[2021-10-20T15:13:21.273+0200][9.386s] GC(3) Concurrent Mark (9.372s, 9.386s) 13.680ms
[2021-10-20T15:13:21.273+0200][9.386s] GC(3) Pause Remark
[2021-10-20T15:13:21.275+0200][9.388s] GC(3) Pause Remark 25M->25M(512M) 2.291ms
[2021-10-20T15:13:21.276+0200][9.388s] GC(3) User=0.00s Sys=0.00s Real=0.00s
[2021-10-20T15:13:21.276+0200][9.389s] GC(3) Concurrent Rebuild Remembered Sets
[2021-10-20T15:13:21.283+0200][9.396s] GC(3) Concurrent Rebuild Remembered Sets 7.383ms
[2021-10-20T15:13:21.284+0200][9.397s] GC(3) Pause Cleanup
[2021-10-20T15:13:21.284+0200][9.397s] GC(3) Pause Cleanup 25M->25M(512M) 0.250ms
[2021-10-20T15:13:21.284+0200][9.397s] GC(3) User=0.00s Sys=0.00s Real=0.00s
[2021-10-20T15:13:21.285+0200][9.397s] GC(3) Concurrent Cleanup for Next Mark
[2021-10-20T15:13:21.285+0200][9.398s] GC(3) Concurrent Cleanup for Next Mark 0.689ms
[2021-10-20T15:13:21.285+0200][9.398s] GC(3) Concurrent Cycle 31.155ms
[2021-10-20T15:13:24.920+0200][13.033s] GC(4) Pause Young (Concurrent Start) (G1 Evacuation Pause)
[2021-10-20T15:13:24.920+0200][13.033s] GC(4) Using 8 workers of 8 for evacuation
[2021-10-20T15:13:24.934+0200][13.047s] GC(4)   Pre Evacuate Collection Set: 0.2ms
[2021-10-20T15:13:24.934+0200][13.047s] GC(4)   Merge Heap Roots: 0.1ms
[2021-10-20T15:13:24.934+0200][13.047s] GC(4)   Evacuate Collection Set: 12.4ms
[2021-10-20T15:13:24.934+0200][13.047s] GC(4)   Post Evacuate Collection Set: 1.1ms
[2021-10-20T15:13:24.934+0200][13.047s] GC(4)   Other: 0.3ms
[2021-10-20T15:13:24.934+0200][13.047s] GC(4) Eden regions: 293->0(286)
[2021-10-20T15:13:24.934+0200][13.047s] GC(4) Survivor regions: 14->21(39)
[2021-10-20T15:13:24.934+0200][13.047s] GC(4) Old regions: 7->7
[2021-10-20T15:13:24.934+0200][13.047s] GC(4) Archive regions: 0->0
[2021-10-20T15:13:24.934+0200][13.047s] GC(4) Humongous regions: 4->4
[2021-10-20T15:13:24.934+0200][13.047s] GC(4) Metaspace: 35883K(36348K)->35883K(36348K) NonClass: 31839K(32124K)->31839K(32124K) Class: 4044K(4224K)->4044K(4224K)
[2021-10-20T15:13:24.934+0200][13.047s] GC(4) Pause Young (Concurrent Start) (G1 Evacuation Pause) 316M->30M(512M) 14.466ms
[2021-10-20T15:13:24.934+0200][13.047s] GC(4) User=0.12s Sys=0.00s Real=0.01s
[2021-10-20T15:13:24.934+0200][13.047s] GC(5) Concurrent Cycle
[2021-10-20T15:13:24.934+0200][13.047s] GC(5) Concurrent Clear Claimed Marks
[2021-10-20T15:13:24.935+0200][13.047s] GC(5) Concurrent Clear Claimed Marks 0.066ms
[2021-10-20T15:13:24.935+0200][13.047s] GC(5) Concurrent Scan Root Regions
[2021-10-20T15:13:24.946+0200][13.059s] GC(5) Concurrent Scan Root Regions 11.092ms
[2021-10-20T15:13:24.946+0200][13.059s] GC(5) Concurrent Mark (13.059s)
[2021-10-20T15:13:24.946+0200][13.059s] GC(5) Concurrent Mark From Roots
[2021-10-20T15:13:24.946+0200][13.059s] GC(5) Using 2 workers of 2 for marking
[2021-10-20T15:13:24.963+0200][13.076s] GC(5) Concurrent Mark From Roots 17.551ms
[2021-10-20T15:13:24.963+0200][13.076s] GC(5) Concurrent Preclean
[2021-10-20T15:13:24.964+0200][13.077s] GC(5) Concurrent Preclean 0.327ms
[2021-10-20T15:13:24.964+0200][13.077s] GC(5) Concurrent Mark (13.059s, 13.077s) 18.050ms
[2021-10-20T15:13:24.964+0200][13.077s] GC(5) Pause Remark
[2021-10-20T15:13:24.969+0200][13.082s] GC(5) Pause Remark 51M->51M(512M) 4.847ms
[2021-10-20T15:13:24.969+0200][13.082s] GC(5) User=0.00s Sys=0.00s Real=0.01s
[2021-10-20T15:13:24.969+0200][13.082s] GC(5) Concurrent Rebuild Remembered Sets
[2021-10-20T15:13:24.979+0200][13.092s] GC(5) Concurrent Rebuild Remembered Sets 10.111ms
[2021-10-20T15:13:24.980+0200][13.093s] GC(5) Pause Cleanup
[2021-10-20T15:13:24.980+0200][13.093s] GC(5) Pause Cleanup 56M->56M(512M) 0.318ms
[2021-10-20T15:13:24.980+0200][13.093s] GC(5) User=0.00s Sys=0.00s Real=0.00s
[2021-10-20T15:13:24.982+0200][13.095s] GC(5) Concurrent Cleanup for Next Mark
[2021-10-20T15:13:24.983+0200][13.096s] GC(5) Concurrent Cleanup for Next Mark 0.757ms
[2021-10-20T15:13:24.983+0200][13.096s] GC(5) Concurrent Cycle 48.858ms
[2021-10-20T15:17:19.069+0200][247.183s] Heap
[2021-10-20T15:17:19.070+0200][247.183s]  garbage-first heap   total 524288K, used 317368K [0x00000000e0000000, 0x0000000100000000)
[2021-10-20T15:17:19.070+0200][247.183s]   region size 1024K, 301 young (308224K), 21 survivors (21504K)
[2021-10-20T15:17:19.070+0200][247.183s]  Metaspace       used 50607K, capacity 51164K, committed 51324K, reserved 1095680K
[2021-10-20T15:17:19.070+0200][247.183s]   class space    used 5861K, capacity 6048K, committed 6144K, reserved 1048576K
