[2021-10-16T22:51:34.044+0200][0.038s] Using G1
[2021-10-16T22:51:34.447+0200][0.441s] Version: 15.0.1+9-18 (release)
[2021-10-16T22:51:34.447+0200][0.441s] CPUs: 8 total, 8 available
[2021-10-16T22:51:34.447+0200][0.441s] Memory: 8039M
[2021-10-16T22:51:34.447+0200][0.441s] Large Page Support: Disabled
[2021-10-16T22:51:34.447+0200][0.441s] NUMA Support: Disabled
[2021-10-16T22:51:34.447+0200][0.441s] Compressed Oops: Enabled (32-bit)
[2021-10-16T22:51:34.448+0200][0.441s] Heap Region Size: 1M
[2021-10-16T22:51:34.448+0200][0.442s] Heap Min Capacity: 512M
[2021-10-16T22:51:34.448+0200][0.442s] Heap Initial Capacity: 512M
[2021-10-16T22:51:34.448+0200][0.442s] Heap Max Capacity: 512M
[2021-10-16T22:51:34.448+0200][0.442s] Pre-touch: Enabled
[2021-10-16T22:51:34.449+0200][0.443s] Parallel Workers: 8
[2021-10-16T22:51:34.449+0200][0.443s] Concurrent Workers: 2
[2021-10-16T22:51:34.449+0200][0.443s] Concurrent Refinement Workers: 8
[2021-10-16T22:51:34.449+0200][0.443s] Periodic GC: Disabled
[2021-10-16T22:51:34.453+0200][0.447s] CDS archive(s) mapped at: [0x0000000800000000-0x0000000800b50000-0x0000000800b50000), size 11862016, SharedBaseAddress: 0x0000000800000000, ArchiveRelocationMode: 0.
[2021-10-16T22:51:34.453+0200][0.447s] Compressed class space mapped at: 0x0000000800b50000-0x0000000840b50000, size: 1073741824
[2021-10-16T22:51:34.453+0200][0.447s] Narrow klass base: 0x0000000800000000, Narrow klass shift: 3, Narrow klass range: 0x100000000
[2021-10-16T22:51:35.610+0200][1.604s] GC(0) Pause Young (Normal) (G1 Evacuation Pause)
[2021-10-16T22:51:35.610+0200][1.604s] GC(0) Using 8 workers of 8 for evacuation
[2021-10-16T22:51:35.615+0200][1.609s] GC(0)   Pre Evacuate Collection Set: 0.1ms
[2021-10-16T22:51:35.616+0200][1.610s] GC(0)   Merge Heap Roots: 0.1ms
[2021-10-16T22:51:35.616+0200][1.610s] GC(0)   Evacuate Collection Set: 4.0ms
[2021-10-16T22:51:35.616+0200][1.610s] GC(0)   Post Evacuate Collection Set: 0.6ms
[2021-10-16T22:51:35.616+0200][1.610s] GC(0)   Other: 1.1ms
[2021-10-16T22:51:35.616+0200][1.610s] GC(0) Eden regions: 29->0(42)
[2021-10-16T22:51:35.616+0200][1.610s] GC(0) Survivor regions: 0->4(4)
[2021-10-16T22:51:35.616+0200][1.610s] GC(0) Old regions: 0->0
[2021-10-16T22:51:35.616+0200][1.610s] GC(0) Archive regions: 0->0
[2021-10-16T22:51:35.616+0200][1.610s] GC(0) Humongous regions: 0->0
[2021-10-16T22:51:35.616+0200][1.610s] GC(0) Metaspace: 6752K(7808K)->6752K(7808K) NonClass: 5974K(6912K)->5974K(6912K) Class: 777K(896K)->777K(896K)
[2021-10-16T22:51:35.616+0200][1.610s] GC(0) Pause Young (Normal) (G1 Evacuation Pause) 29M->3M(512M) 6.401ms
[2021-10-16T22:51:35.616+0200][1.610s] GC(0) User=0.12s Sys=0.00s Real=0.01s
[2021-10-16T22:51:36.542+0200][2.536s] GC(1) Pause Young (Normal) (G1 Evacuation Pause)
[2021-10-16T22:51:36.542+0200][2.536s] GC(1) Using 8 workers of 8 for evacuation
[2021-10-16T22:51:36.557+0200][2.551s] GC(1)   Pre Evacuate Collection Set: 0.2ms
[2021-10-16T22:51:36.557+0200][2.552s] GC(1)   Merge Heap Roots: 0.1ms
[2021-10-16T22:51:36.557+0200][2.552s] GC(1)   Evacuate Collection Set: 13.7ms
[2021-10-16T22:51:36.557+0200][2.552s] GC(1)   Post Evacuate Collection Set: 0.9ms
[2021-10-16T22:51:36.558+0200][2.552s] GC(1)   Other: 0.3ms
[2021-10-16T22:51:36.558+0200][2.552s] GC(1) Eden regions: 42->0(301)
[2021-10-16T22:51:36.558+0200][2.552s] GC(1) Survivor regions: 4->6(6)
[2021-10-16T22:51:36.558+0200][2.552s] GC(1) Old regions: 0->7
[2021-10-16T22:51:36.558+0200][2.552s] GC(1) Archive regions: 0->0
[2021-10-16T22:51:36.558+0200][2.552s] GC(1) Humongous regions: 4->4
[2021-10-16T22:51:36.558+0200][2.552s] GC(1) Metaspace: 14626K(15104K)->14626K(15104K) NonClass: 12948K(13312K)->12948K(13312K) Class: 1678K(1792K)->1678K(1792K)
[2021-10-16T22:51:36.558+0200][2.552s] GC(1) Pause Young (Normal) (G1 Evacuation Pause) 49M->16M(512M) 15.647ms
[2021-10-16T22:51:36.558+0200][2.552s] GC(1) User=0.12s Sys=0.00s Real=0.02s
[2021-10-16T22:51:37.813+0200][3.807s] GC(2) Pause Young (Concurrent Start) (Metadata GC Threshold)
[2021-10-16T22:51:37.813+0200][3.807s] GC(2) Using 8 workers of 8 for evacuation
[2021-10-16T22:51:37.825+0200][3.819s] GC(2)   Pre Evacuate Collection Set: 0.2ms
[2021-10-16T22:51:37.825+0200][3.819s] GC(2)   Merge Heap Roots: 0.1ms
[2021-10-16T22:51:37.825+0200][3.819s] GC(2)   Evacuate Collection Set: 9.3ms
[2021-10-16T22:51:37.825+0200][3.819s] GC(2)   Post Evacuate Collection Set: 1.7ms
[2021-10-16T22:51:37.825+0200][3.819s] GC(2)   Other: 0.5ms
[2021-10-16T22:51:37.825+0200][3.819s] GC(2) Eden regions: 51->0(293)
[2021-10-16T22:51:37.825+0200][3.819s] GC(2) Survivor regions: 6->14(39)
[2021-10-16T22:51:37.825+0200][3.819s] GC(2) Old regions: 7->7
[2021-10-16T22:51:37.825+0200][3.819s] GC(2) Archive regions: 0->0
[2021-10-16T22:51:37.825+0200][3.819s] GC(2) Humongous regions: 4->4
[2021-10-16T22:51:37.825+0200][3.819s] GC(2) Metaspace: 20878K(21296K)->20878K(21296K) NonClass: 18572K(18864K)->18572K(18864K) Class: 2305K(2432K)->2305K(2432K)
[2021-10-16T22:51:37.825+0200][3.819s] GC(2) Pause Young (Concurrent Start) (Metadata GC Threshold) 67M->23M(512M) 12.287ms
[2021-10-16T22:51:37.825+0200][3.819s] GC(2) User=0.12s Sys=0.00s Real=0.01s
[2021-10-16T22:51:37.825+0200][3.819s] GC(3) Concurrent Cycle
[2021-10-16T22:51:37.825+0200][3.819s] GC(3) Concurrent Clear Claimed Marks
[2021-10-16T22:51:37.825+0200][3.819s] GC(3) Concurrent Clear Claimed Marks 0.057ms
[2021-10-16T22:51:37.825+0200][3.819s] GC(3) Concurrent Scan Root Regions
[2021-10-16T22:51:37.833+0200][3.827s] GC(3) Concurrent Scan Root Regions 7.860ms
[2021-10-16T22:51:37.833+0200][3.827s] GC(3) Concurrent Mark (3.827s)
[2021-10-16T22:51:37.833+0200][3.827s] GC(3) Concurrent Mark From Roots
[2021-10-16T22:51:37.833+0200][3.828s] GC(3) Using 2 workers of 2 for marking
[2021-10-16T22:51:37.851+0200][3.845s] GC(3) Concurrent Mark From Roots 17.182ms
[2021-10-16T22:51:37.851+0200][3.845s] GC(3) Concurrent Preclean
[2021-10-16T22:51:37.851+0200][3.845s] GC(3) Concurrent Preclean 0.348ms
[2021-10-16T22:51:37.851+0200][3.845s] GC(3) Concurrent Mark (3.827s, 3.845s) 17.707ms
[2021-10-16T22:51:37.852+0200][3.846s] GC(3) Pause Remark
[2021-10-16T22:51:37.854+0200][3.848s] GC(3) Pause Remark 25M->25M(512M) 2.304ms
[2021-10-16T22:51:37.854+0200][3.848s] GC(3) User=0.00s Sys=0.00s Real=0.00s
[2021-10-16T22:51:37.855+0200][3.849s] GC(3) Concurrent Rebuild Remembered Sets
[2021-10-16T22:51:37.864+0200][3.858s] GC(3) Concurrent Rebuild Remembered Sets 8.998ms
[2021-10-16T22:51:37.864+0200][3.858s] GC(3) Pause Cleanup
[2021-10-16T22:51:37.864+0200][3.858s] GC(3) Pause Cleanup 25M->25M(512M) 0.234ms
[2021-10-16T22:51:37.864+0200][3.858s] GC(3) User=0.00s Sys=0.00s Real=0.00s
[2021-10-16T22:51:37.865+0200][3.859s] GC(3) Concurrent Cleanup for Next Mark
[2021-10-16T22:51:37.865+0200][3.859s] GC(3) Concurrent Cleanup for Next Mark 0.687ms
[2021-10-16T22:51:37.865+0200][3.859s] GC(3) Concurrent Cycle 40.071ms
[2021-10-16T22:51:40.508+0200][6.502s] GC(4) Pause Young (Concurrent Start) (Metadata GC Threshold)
[2021-10-16T22:51:40.508+0200][6.502s] GC(4) Using 8 workers of 8 for evacuation
[2021-10-16T22:51:40.521+0200][6.515s] GC(4)   Pre Evacuate Collection Set: 0.2ms
[2021-10-16T22:51:40.521+0200][6.515s] GC(4)   Merge Heap Roots: 0.1ms
[2021-10-16T22:51:40.521+0200][6.516s] GC(4)   Evacuate Collection Set: 11.5ms
[2021-10-16T22:51:40.521+0200][6.516s] GC(4)   Post Evacuate Collection Set: 1.1ms
[2021-10-16T22:51:40.522+0200][6.516s] GC(4)   Other: 0.4ms
[2021-10-16T22:51:40.522+0200][6.516s] GC(4) Eden regions: 252->0(287)
[2021-10-16T22:51:40.522+0200][6.516s] GC(4) Survivor regions: 14->20(39)
[2021-10-16T22:51:40.522+0200][6.516s] GC(4) Old regions: 7->7
[2021-10-16T22:51:40.522+0200][6.516s] GC(4) Archive regions: 0->0
[2021-10-16T22:51:40.522+0200][6.516s] GC(4) Humongous regions: 4->4
[2021-10-16T22:51:40.522+0200][6.516s] GC(4) Metaspace: 35976K(36476K)->35976K(36476K) NonClass: 31914K(32176K)->31914K(32176K) Class: 4061K(4300K)->4061K(4300K)
[2021-10-16T22:51:40.522+0200][6.516s] GC(4) Pause Young (Concurrent Start) (Metadata GC Threshold) 275M->30M(512M) 13.577ms
[2021-10-16T22:51:40.522+0200][6.516s] GC(4) User=0.03s Sys=0.02s Real=0.01s
[2021-10-16T22:51:40.522+0200][6.516s] GC(5) Concurrent Cycle
[2021-10-16T22:51:40.522+0200][6.516s] GC(5) Concurrent Clear Claimed Marks
[2021-10-16T22:51:40.522+0200][6.516s] GC(5) Concurrent Clear Claimed Marks 0.044ms
[2021-10-16T22:51:40.522+0200][6.516s] GC(5) Concurrent Scan Root Regions
[2021-10-16T22:51:40.531+0200][6.525s] GC(5) Concurrent Scan Root Regions 9.331ms
[2021-10-16T22:51:40.531+0200][6.526s] GC(5) Concurrent Mark (6.526s)
[2021-10-16T22:51:40.531+0200][6.526s] GC(5) Concurrent Mark From Roots
[2021-10-16T22:51:40.532+0200][6.526s] GC(5) Using 2 workers of 2 for marking
[2021-10-16T22:51:40.549+0200][6.543s] GC(5) Concurrent Mark From Roots 17.823ms
[2021-10-16T22:51:40.549+0200][6.543s] GC(5) Concurrent Preclean
[2021-10-16T22:51:40.550+0200][6.544s] GC(5) Concurrent Preclean 0.327ms
[2021-10-16T22:51:40.550+0200][6.544s] GC(5) Concurrent Mark (6.526s, 6.544s) 18.324ms
[2021-10-16T22:51:40.550+0200][6.544s] GC(5) Pause Remark
[2021-10-16T22:51:40.553+0200][6.547s] GC(5) Pause Remark 32M->32M(512M) 2.522ms
[2021-10-16T22:51:40.553+0200][6.547s] GC(5) User=0.12s Sys=0.00s Real=0.00s
[2021-10-16T22:51:40.553+0200][6.547s] GC(5) Concurrent Rebuild Remembered Sets
[2021-10-16T22:51:40.560+0200][6.554s] GC(5) Concurrent Rebuild Remembered Sets 6.812ms
[2021-10-16T22:51:40.560+0200][6.554s] GC(5) Pause Cleanup
[2021-10-16T22:51:40.560+0200][6.554s] GC(5) Pause Cleanup 32M->32M(512M) 0.148ms
[2021-10-16T22:51:40.560+0200][6.554s] GC(5) User=0.00s Sys=0.00s Real=0.00s
[2021-10-16T22:51:40.560+0200][6.554s] GC(5) Concurrent Cleanup for Next Mark
[2021-10-16T22:51:40.561+0200][6.555s] GC(5) Concurrent Cleanup for Next Mark 0.554ms
[2021-10-16T22:51:40.561+0200][6.555s] GC(5) Concurrent Cycle 38.896ms
[2021-10-16T22:52:39.495+0200][65.489s] GC(6) Pause Young (Normal) (G1 Evacuation Pause)
[2021-10-16T22:52:39.495+0200][65.489s] GC(6) Using 8 workers of 8 for evacuation
[2021-10-16T22:52:39.535+0200][65.529s] GC(6)   Pre Evacuate Collection Set: 0.4ms
[2021-10-16T22:52:39.535+0200][65.529s] GC(6)   Merge Heap Roots: 0.3ms
[2021-10-16T22:52:39.535+0200][65.529s] GC(6)   Evacuate Collection Set: 36.2ms
[2021-10-16T22:52:39.535+0200][65.529s] GC(6)   Post Evacuate Collection Set: 2.6ms
[2021-10-16T22:52:39.535+0200][65.529s] GC(6)   Other: 0.6ms
[2021-10-16T22:52:39.535+0200][65.530s] GC(6) Eden regions: 287->0(275)
[2021-10-16T22:52:39.535+0200][65.530s] GC(6) Survivor regions: 20->32(39)
[2021-10-16T22:52:39.535+0200][65.530s] GC(6) Old regions: 7->7
[2021-10-16T22:52:39.535+0200][65.530s] GC(6) Archive regions: 0->0
[2021-10-16T22:52:39.535+0200][65.530s] GC(6) Humongous regions: 5->4
[2021-10-16T22:52:39.536+0200][65.530s] GC(6) Metaspace: 47807K(48508K)->47807K(48508K) NonClass: 42253K(42672K)->42253K(42672K) Class: 5554K(5836K)->5554K(5836K)
[2021-10-16T22:52:39.536+0200][65.530s] GC(6) Pause Young (Normal) (G1 Evacuation Pause) 318M->41M(512M) 40.788ms
[2021-10-16T22:52:39.536+0200][65.530s] GC(6) User=0.23s Sys=0.00s Real=0.04s
[2021-10-17T17:14:29.296+0200][66180.527s] GC(7) Pause Young (Normal) (G1 Evacuation Pause)
[2021-10-17T17:14:29.299+0200][66180.530s] GC(7) Using 8 workers of 8 for evacuation
[2021-10-17T17:14:29.531+0200][66180.762s] GC(7)   Pre Evacuate Collection Set: 12.0ms
[2021-10-17T17:14:29.531+0200][66180.762s] GC(7)   Merge Heap Roots: 3.0ms
[2021-10-17T17:14:29.531+0200][66180.762s] GC(7)   Evacuate Collection Set: 198.8ms
[2021-10-17T17:14:29.531+0200][66180.762s] GC(7)   Post Evacuate Collection Set: 12.8ms
[2021-10-17T17:14:29.531+0200][66180.762s] GC(7)   Other: 11.6ms
[2021-10-17T17:14:29.531+0200][66180.762s] GC(7) Eden regions: 275->0(286)
[2021-10-17T17:14:29.531+0200][66180.762s] GC(7) Survivor regions: 32->21(39)
[2021-10-17T17:14:29.531+0200][66180.762s] GC(7) Old regions: 7->19
[2021-10-17T17:14:29.531+0200][66180.762s] GC(7) Archive regions: 0->0
[2021-10-17T17:14:29.531+0200][66180.762s] GC(7) Humongous regions: 7->7
[2021-10-17T17:14:29.531+0200][66180.762s] GC(7) Metaspace: 52120K(52988K)->52120K(52988K) NonClass: 46181K(46768K)->46181K(46768K) Class: 5939K(6220K)->5939K(6220K)
[2021-10-17T17:14:29.532+0200][66180.763s] GC(7) Pause Young (Normal) (G1 Evacuation Pause) 319M->46M(512M) 236.276ms
[2021-10-17T17:14:29.532+0200][66180.763s] GC(7) User=0.34s Sys=0.52s Real=0.24s
[2021-10-18T18:17:38.379+0200][156369.684s] GC(8) Pause Young (Normal) (G1 Evacuation Pause)
[2021-10-18T18:17:38.382+0200][156369.687s] GC(8) Using 8 workers of 8 for evacuation
[2021-10-18T18:17:38.526+0200][156369.831s] GC(8)   Pre Evacuate Collection Set: 5.3ms
[2021-10-18T18:17:38.527+0200][156369.831s] GC(8)   Merge Heap Roots: 2.7ms
[2021-10-18T18:17:38.527+0200][156369.831s] GC(8)   Evacuate Collection Set: 123.6ms
[2021-10-18T18:17:38.527+0200][156369.831s] GC(8)   Post Evacuate Collection Set: 9.6ms
[2021-10-18T18:17:38.527+0200][156369.832s] GC(8)   Other: 12.7ms
[2021-10-18T18:17:38.527+0200][156369.832s] GC(8) Eden regions: 286->0(288)
[2021-10-18T18:17:38.527+0200][156369.832s] GC(8) Survivor regions: 21->19(39)
[2021-10-18T18:17:38.527+0200][156369.832s] GC(8) Old regions: 19->19
[2021-10-18T18:17:38.527+0200][156369.832s] GC(8) Archive regions: 0->0
[2021-10-18T18:17:38.527+0200][156369.832s] GC(8) Humongous regions: 7->7
[2021-10-18T18:17:38.528+0200][156369.833s] GC(8) Metaspace: 52158K(52988K)->52158K(52988K) NonClass: 46218K(46768K)->46218K(46768K) Class: 5939K(6220K)->5939K(6220K)
[2021-10-18T18:17:38.528+0200][156369.833s] GC(8) Pause Young (Normal) (G1 Evacuation Pause) 332M->44M(512M) 149.784ms
[2021-10-18T18:17:38.528+0200][156369.833s] GC(8) User=0.30s Sys=0.44s Real=0.15s
