[2021-01-18T14:00:24.678+0100][0.031s] Using G1
[2021-01-18T14:00:24.951+0100][0.304s] Version: 15.0.1+9-18 (release)
[2021-01-18T14:00:24.951+0100][0.304s] CPUs: 8 total, 8 available
[2021-01-18T14:00:24.951+0100][0.304s] Memory: 8039M
[2021-01-18T14:00:24.951+0100][0.304s] Large Page Support: Disabled
[2021-01-18T14:00:24.951+0100][0.304s] NUMA Support: Disabled
[2021-01-18T14:00:24.951+0100][0.304s] Compressed Oops: Enabled (32-bit)
[2021-01-18T14:00:24.951+0100][0.304s] Heap Region Size: 1M
[2021-01-18T14:00:24.951+0100][0.304s] Heap Min Capacity: 512M
[2021-01-18T14:00:24.951+0100][0.305s] Heap Initial Capacity: 512M
[2021-01-18T14:00:24.951+0100][0.305s] Heap Max Capacity: 512M
[2021-01-18T14:00:24.951+0100][0.305s] Pre-touch: Enabled
[2021-01-18T14:00:24.953+0100][0.306s] Parallel Workers: 8
[2021-01-18T14:00:24.953+0100][0.306s] Concurrent Workers: 2
[2021-01-18T14:00:24.953+0100][0.306s] Concurrent Refinement Workers: 8
[2021-01-18T14:00:24.953+0100][0.306s] Periodic GC: Disabled
[2021-01-18T14:00:24.954+0100][0.308s] CDS archive(s) mapped at: [0x0000000800000000-0x0000000800b50000-0x0000000800b50000), size 11862016, SharedBaseAddress: 0x0000000800000000, ArchiveRelocationMode: 0.
[2021-01-18T14:00:24.954+0100][0.308s] Compressed class space mapped at: 0x0000000800b50000-0x0000000840b50000, size: 1073741824
[2021-01-18T14:00:24.955+0100][0.308s] Narrow klass base: 0x0000000800000000, Narrow klass shift: 3, Narrow klass range: 0x100000000
[2021-01-18T14:00:26.050+0100][1.404s] GC(0) Pause Young (Normal) (G1 Evacuation Pause)
[2021-01-18T14:00:26.051+0100][1.404s] GC(0) Using 8 workers of 8 for evacuation
[2021-01-18T14:00:26.055+0100][1.409s] GC(0)   Pre Evacuate Collection Set: 0.1ms
[2021-01-18T14:00:26.055+0100][1.409s] GC(0)   Merge Heap Roots: 0.1ms
[2021-01-18T14:00:26.056+0100][1.409s] GC(0)   Evacuate Collection Set: 3.7ms
[2021-01-18T14:00:26.056+0100][1.409s] GC(0)   Post Evacuate Collection Set: 0.5ms
[2021-01-18T14:00:26.056+0100][1.409s] GC(0)   Other: 0.9ms
[2021-01-18T14:00:26.056+0100][1.409s] GC(0) Eden regions: 29->0(42)
[2021-01-18T14:00:26.056+0100][1.409s] GC(0) Survivor regions: 0->4(4)
[2021-01-18T14:00:26.056+0100][1.409s] GC(0) Old regions: 0->0
[2021-01-18T14:00:26.056+0100][1.409s] GC(0) Archive regions: 0->0
[2021-01-18T14:00:26.056+0100][1.409s] GC(0) Humongous regions: 0->0
[2021-01-18T14:00:26.056+0100][1.409s] GC(0) Metaspace: 6770K(7808K)->6770K(7808K) NonClass: 5990K(6912K)->5990K(6912K) Class: 779K(896K)->779K(896K)
[2021-01-18T14:00:26.056+0100][1.409s] GC(0) Pause Young (Normal) (G1 Evacuation Pause) 29M->3M(512M) 5.616ms
[2021-01-18T14:00:26.056+0100][1.409s] GC(0) User=0.00s Sys=0.00s Real=0.01s
[2021-01-18T14:00:27.054+0100][2.407s] GC(1) Pause Young (Normal) (G1 Evacuation Pause)
[2021-01-18T14:00:27.054+0100][2.407s] GC(1) Using 8 workers of 8 for evacuation
[2021-01-18T14:00:27.070+0100][2.424s] GC(1)   Pre Evacuate Collection Set: 0.1ms
[2021-01-18T14:00:27.070+0100][2.424s] GC(1)   Merge Heap Roots: 0.2ms
[2021-01-18T14:00:27.070+0100][2.424s] GC(1)   Evacuate Collection Set: 15.3ms
[2021-01-18T14:00:27.070+0100][2.424s] GC(1)   Post Evacuate Collection Set: 0.9ms
[2021-01-18T14:00:27.070+0100][2.424s] GC(1)   Other: 0.3ms
[2021-01-18T14:00:27.070+0100][2.424s] GC(1) Eden regions: 42->0(301)
[2021-01-18T14:00:27.070+0100][2.424s] GC(1) Survivor regions: 4->6(6)
[2021-01-18T14:00:27.070+0100][2.424s] GC(1) Old regions: 0->7
[2021-01-18T14:00:27.071+0100][2.424s] GC(1) Archive regions: 0->0
[2021-01-18T14:00:27.071+0100][2.424s] GC(1) Humongous regions: 4->4
[2021-01-18T14:00:27.071+0100][2.424s] GC(1) Metaspace: 14617K(15104K)->14617K(15104K) NonClass: 12937K(13312K)->12937K(13312K) Class: 1679K(1792K)->1679K(1792K)
[2021-01-18T14:00:27.071+0100][2.424s] GC(1) Pause Young (Normal) (G1 Evacuation Pause) 49M->16M(512M) 17.339ms
[2021-01-18T14:00:27.071+0100][2.424s] GC(1) User=0.12s Sys=0.00s Real=0.02s
[2021-01-18T14:00:28.938+0100][4.292s] GC(2) Pause Young (Concurrent Start) (Metadata GC Threshold)
[2021-01-18T14:00:28.938+0100][4.292s] GC(2) Using 8 workers of 8 for evacuation
[2021-01-18T14:00:28.948+0100][4.302s] GC(2)   Pre Evacuate Collection Set: 0.2ms
[2021-01-18T14:00:28.948+0100][4.302s] GC(2)   Merge Heap Roots: 0.1ms
[2021-01-18T14:00:28.948+0100][4.302s] GC(2)   Evacuate Collection Set: 8.6ms
[2021-01-18T14:00:28.948+0100][4.302s] GC(2)   Post Evacuate Collection Set: 0.9ms
[2021-01-18T14:00:28.948+0100][4.302s] GC(2)   Other: 0.6ms
[2021-01-18T14:00:28.948+0100][4.302s] GC(2) Eden regions: 54->0(293)
[2021-01-18T14:00:28.948+0100][4.302s] GC(2) Survivor regions: 6->14(39)
[2021-01-18T14:00:28.949+0100][4.302s] GC(2) Old regions: 7->7
[2021-01-18T14:00:28.949+0100][4.302s] GC(2) Archive regions: 0->0
[2021-01-18T14:00:28.949+0100][4.302s] GC(2) Humongous regions: 4->4
[2021-01-18T14:00:28.949+0100][4.302s] GC(2) Metaspace: 20874K(21296K)->20874K(21296K) NonClass: 18573K(18864K)->18573K(18864K) Class: 2301K(2432K)->2301K(2432K)
[2021-01-18T14:00:28.949+0100][4.303s] GC(2) Pause Young (Concurrent Start) (Metadata GC Threshold) 69M->23M(512M) 10.950ms
[2021-01-18T14:00:28.949+0100][4.303s] GC(2) User=0.00s Sys=0.00s Real=0.01s
[2021-01-18T14:00:28.949+0100][4.303s] GC(3) Concurrent Cycle
[2021-01-18T14:00:28.949+0100][4.303s] GC(3) Concurrent Clear Claimed Marks
[2021-01-18T14:00:28.949+0100][4.303s] GC(3) Concurrent Clear Claimed Marks 0.049ms
[2021-01-18T14:00:28.949+0100][4.303s] GC(3) Concurrent Scan Root Regions
[2021-01-18T14:00:28.956+0100][4.310s] GC(3) Concurrent Scan Root Regions 7.197ms
[2021-01-18T14:00:28.956+0100][4.310s] GC(3) Concurrent Mark (4.310s)
[2021-01-18T14:00:28.956+0100][4.310s] GC(3) Concurrent Mark From Roots
[2021-01-18T14:00:28.956+0100][4.310s] GC(3) Using 2 workers of 2 for marking
[2021-01-18T14:00:28.971+0100][4.324s] GC(3) Concurrent Mark From Roots 14.114ms
[2021-01-18T14:00:28.971+0100][4.324s] GC(3) Concurrent Preclean
[2021-01-18T14:00:28.971+0100][4.325s] GC(3) Concurrent Preclean 0.330ms
[2021-01-18T14:00:28.971+0100][4.325s] GC(3) Concurrent Mark (4.310s, 4.325s) 14.625ms
[2021-01-18T14:00:28.971+0100][4.325s] GC(3) Pause Remark
[2021-01-18T14:00:28.974+0100][4.327s] GC(3) Pause Remark 25M->25M(512M) 2.113ms
[2021-01-18T14:00:28.974+0100][4.327s] GC(3) User=0.00s Sys=0.00s Real=0.00s
[2021-01-18T14:00:28.974+0100][4.327s] GC(3) Concurrent Rebuild Remembered Sets
[2021-01-18T14:00:28.983+0100][4.336s] GC(3) Concurrent Rebuild Remembered Sets 9.052ms
[2021-01-18T14:00:28.984+0100][4.337s] GC(3) Pause Cleanup
[2021-01-18T14:00:28.984+0100][4.337s] GC(3) Pause Cleanup 25M->25M(512M) 0.178ms
[2021-01-18T14:00:28.984+0100][4.337s] GC(3) User=0.00s Sys=0.00s Real=0.00s
[2021-01-18T14:00:28.984+0100][4.337s] GC(3) Concurrent Cleanup for Next Mark
[2021-01-18T14:00:28.984+0100][4.338s] GC(3) Concurrent Cleanup for Next Mark 0.830ms
[2021-01-18T14:00:28.985+0100][4.338s] GC(3) Concurrent Cycle 35.541ms
