[2021-01-18T13:49:11.205+0100][0.042s] Using G1
[2021-01-18T13:49:11.622+0100][0.459s] Version: 15.0.1+9-18 (release)
[2021-01-18T13:49:11.622+0100][0.459s] CPUs: 8 total, 8 available
[2021-01-18T13:49:11.622+0100][0.459s] Memory: 8039M
[2021-01-18T13:49:11.622+0100][0.459s] Large Page Support: Disabled
[2021-01-18T13:49:11.622+0100][0.459s] NUMA Support: Disabled
[2021-01-18T13:49:11.622+0100][0.459s] Compressed Oops: Enabled (32-bit)
[2021-01-18T13:49:11.622+0100][0.459s] Heap Region Size: 1M
[2021-01-18T13:49:11.622+0100][0.460s] Heap Min Capacity: 512M
[2021-01-18T13:49:11.622+0100][0.460s] Heap Initial Capacity: 512M
[2021-01-18T13:49:11.622+0100][0.460s] Heap Max Capacity: 512M
[2021-01-18T13:49:11.622+0100][0.460s] Pre-touch: Enabled
[2021-01-18T13:49:11.623+0100][0.460s] Parallel Workers: 8
[2021-01-18T13:49:11.623+0100][0.460s] Concurrent Workers: 2
[2021-01-18T13:49:11.623+0100][0.460s] Concurrent Refinement Workers: 8
[2021-01-18T13:49:11.623+0100][0.460s] Periodic GC: Disabled
[2021-01-18T13:49:11.625+0100][0.463s] CDS archive(s) mapped at: [0x0000000800000000-0x0000000800b50000-0x0000000800b50000), size 11862016, SharedBaseAddress: 0x0000000800000000, ArchiveRelocationMode: 0.
[2021-01-18T13:49:11.625+0100][0.463s] Compressed class space mapped at: 0x0000000800b50000-0x0000000840b50000, size: 1073741824
[2021-01-18T13:49:11.625+0100][0.463s] Narrow klass base: 0x0000000800000000, Narrow klass shift: 3, Narrow klass range: 0x100000000
[2021-01-18T13:49:12.868+0100][1.705s] GC(0) Pause Young (Normal) (G1 Evacuation Pause)
[2021-01-18T13:49:12.868+0100][1.706s] GC(0) Using 8 workers of 8 for evacuation
[2021-01-18T13:49:12.873+0100][1.710s] GC(0)   Pre Evacuate Collection Set: 0.1ms
[2021-01-18T13:49:12.873+0100][1.710s] GC(0)   Merge Heap Roots: 0.1ms
[2021-01-18T13:49:12.873+0100][1.710s] GC(0)   Evacuate Collection Set: 3.2ms
[2021-01-18T13:49:12.873+0100][1.710s] GC(0)   Post Evacuate Collection Set: 0.6ms
[2021-01-18T13:49:12.873+0100][1.710s] GC(0)   Other: 0.9ms
[2021-01-18T13:49:12.873+0100][1.710s] GC(0) Eden regions: 29->0(42)
[2021-01-18T13:49:12.873+0100][1.711s] GC(0) Survivor regions: 0->4(4)
[2021-01-18T13:49:12.873+0100][1.711s] GC(0) Old regions: 0->0
[2021-01-18T13:49:12.873+0100][1.711s] GC(0) Archive regions: 0->0
[2021-01-18T13:49:12.873+0100][1.711s] GC(0) Humongous regions: 0->0
[2021-01-18T13:49:12.873+0100][1.711s] GC(0) Metaspace: 6777K(7808K)->6777K(7808K) NonClass: 5997K(6912K)->5997K(6912K) Class: 779K(896K)->779K(896K)
[2021-01-18T13:49:12.873+0100][1.711s] GC(0) Pause Young (Normal) (G1 Evacuation Pause) 29M->3M(512M) 5.218ms
[2021-01-18T13:49:12.873+0100][1.711s] GC(0) User=0.00s Sys=0.00s Real=0.00s
[2021-01-18T13:49:13.813+0100][2.650s] GC(1) Pause Young (Normal) (G1 Evacuation Pause)
[2021-01-18T13:49:13.813+0100][2.650s] GC(1) Using 8 workers of 8 for evacuation
[2021-01-18T13:49:13.826+0100][2.663s] GC(1)   Pre Evacuate Collection Set: 0.1ms
[2021-01-18T13:49:13.826+0100][2.663s] GC(1)   Merge Heap Roots: 0.1ms
[2021-01-18T13:49:13.826+0100][2.663s] GC(1)   Evacuate Collection Set: 11.9ms
[2021-01-18T13:49:13.826+0100][2.663s] GC(1)   Post Evacuate Collection Set: 0.8ms
[2021-01-18T13:49:13.826+0100][2.663s] GC(1)   Other: 0.3ms
[2021-01-18T13:49:13.826+0100][2.663s] GC(1) Eden regions: 42->0(301)
[2021-01-18T13:49:13.826+0100][2.663s] GC(1) Survivor regions: 4->6(6)
[2021-01-18T13:49:13.826+0100][2.663s] GC(1) Old regions: 0->7
[2021-01-18T13:49:13.826+0100][2.663s] GC(1) Archive regions: 0->0
[2021-01-18T13:49:13.826+0100][2.663s] GC(1) Humongous regions: 4->4
[2021-01-18T13:49:13.826+0100][2.663s] GC(1) Metaspace: 14638K(15104K)->14638K(15104K) NonClass: 12959K(13312K)->12959K(13312K) Class: 1679K(1792K)->1679K(1792K)
[2021-01-18T13:49:13.826+0100][2.663s] GC(1) Pause Young (Normal) (G1 Evacuation Pause) 49M->16M(512M) 13.416ms
[2021-01-18T13:49:13.826+0100][2.664s] GC(1) User=0.00s Sys=0.00s Real=0.01s
[2021-01-18T13:49:15.481+0100][4.319s] GC(2) Pause Young (Concurrent Start) (Metadata GC Threshold)
[2021-01-18T13:49:15.481+0100][4.319s] GC(2) Using 8 workers of 8 for evacuation
[2021-01-18T13:49:15.489+0100][4.327s] GC(2)   Pre Evacuate Collection Set: 0.1ms
[2021-01-18T13:49:15.489+0100][4.327s] GC(2)   Merge Heap Roots: 0.1ms
[2021-01-18T13:49:15.489+0100][4.327s] GC(2)   Evacuate Collection Set: 6.7ms
[2021-01-18T13:49:15.489+0100][4.327s] GC(2)   Post Evacuate Collection Set: 1.1ms
[2021-01-18T13:49:15.489+0100][4.327s] GC(2)   Other: 0.4ms
[2021-01-18T13:49:15.489+0100][4.327s] GC(2) Eden regions: 54->0(293)
[2021-01-18T13:49:15.489+0100][4.327s] GC(2) Survivor regions: 6->14(39)
[2021-01-18T13:49:15.489+0100][4.327s] GC(2) Old regions: 7->7
[2021-01-18T13:49:15.489+0100][4.327s] GC(2) Archive regions: 0->0
[2021-01-18T13:49:15.489+0100][4.327s] GC(2) Humongous regions: 4->4
[2021-01-18T13:49:15.489+0100][4.327s] GC(2) Metaspace: 20877K(21296K)->20877K(21296K) NonClass: 18574K(18864K)->18574K(18864K) Class: 2302K(2432K)->2302K(2432K)
[2021-01-18T13:49:15.489+0100][4.327s] GC(2) Pause Young (Concurrent Start) (Metadata GC Threshold) 69M->23M(512M) 8.781ms
[2021-01-18T13:49:15.489+0100][4.327s] GC(2) User=0.12s Sys=0.00s Real=0.01s
[2021-01-18T13:49:15.490+0100][4.328s] GC(3) Concurrent Cycle
[2021-01-18T13:49:15.490+0100][4.328s] GC(3) Concurrent Clear Claimed Marks
[2021-01-18T13:49:15.490+0100][4.328s] GC(3) Concurrent Clear Claimed Marks 0.050ms
[2021-01-18T13:49:15.490+0100][4.328s] GC(3) Concurrent Scan Root Regions
[2021-01-18T13:49:15.496+0100][4.334s] GC(3) Concurrent Scan Root Regions 6.313ms
[2021-01-18T13:49:15.496+0100][4.334s] GC(3) Concurrent Mark (4.334s)
[2021-01-18T13:49:15.496+0100][4.334s] GC(3) Concurrent Mark From Roots
[2021-01-18T13:49:15.496+0100][4.334s] GC(3) Using 2 workers of 2 for marking
[2021-01-18T13:49:15.512+0100][4.350s] GC(3) Concurrent Mark From Roots 16.227ms
[2021-01-18T13:49:15.513+0100][4.350s] GC(3) Concurrent Preclean
[2021-01-18T13:49:15.513+0100][4.351s] GC(3) Concurrent Preclean 0.305ms
[2021-01-18T13:49:15.513+0100][4.351s] GC(3) Concurrent Mark (4.334s, 4.351s) 16.720ms
[2021-01-18T13:49:15.514+0100][4.351s] GC(3) Pause Remark
[2021-01-18T13:49:15.516+0100][4.353s] GC(3) Pause Remark 25M->25M(512M) 1.893ms
[2021-01-18T13:49:15.516+0100][4.353s] GC(3) User=0.12s Sys=0.00s Real=0.00s
[2021-01-18T13:49:15.516+0100][4.353s] GC(3) Concurrent Rebuild Remembered Sets
[2021-01-18T13:49:15.522+0100][4.360s] GC(3) Concurrent Rebuild Remembered Sets 6.886ms
[2021-01-18T13:49:15.523+0100][4.360s] GC(3) Pause Cleanup
[2021-01-18T13:49:15.523+0100][4.361s] GC(3) Pause Cleanup 25M->25M(512M) 0.185ms
[2021-01-18T13:49:15.523+0100][4.361s] GC(3) User=0.00s Sys=0.00s Real=0.00s
[2021-01-18T13:49:15.523+0100][4.361s] GC(3) Concurrent Cleanup for Next Mark
[2021-01-18T13:49:15.524+0100][4.361s] GC(3) Concurrent Cleanup for Next Mark 0.552ms
[2021-01-18T13:49:15.524+0100][4.362s] GC(3) Concurrent Cycle 34.026ms
[2021-01-18T13:59:58.046+0100][646.884s] Heap
[2021-01-18T13:59:58.046+0100][646.884s]  garbage-first heap   total 524288K, used 148117K [0x00000000e0000000, 0x0000000100000000)
[2021-01-18T13:59:58.046+0100][646.884s]   region size 1024K, 136 young (139264K), 14 survivors (14336K)
[2021-01-18T13:59:58.046+0100][646.884s]  Metaspace       used 35862K, capacity 36315K, committed 36400K, reserved 1081344K
[2021-01-18T13:59:58.046+0100][646.884s]   class space    used 4009K, capacity 4177K, committed 4224K, reserved 1048576K
