[2021-10-21T07:22:06.122+0200][0.039s] Using G1
[2021-10-21T07:22:06.650+0200][0.567s] Version: 15.0.1+9-18 (release)
[2021-10-21T07:22:06.651+0200][0.567s] CPUs: 8 total, 8 available
[2021-10-21T07:22:06.651+0200][0.567s] Memory: 8039M
[2021-10-21T07:22:06.651+0200][0.567s] Large Page Support: Disabled
[2021-10-21T07:22:06.651+0200][0.567s] NUMA Support: Disabled
[2021-10-21T07:22:06.651+0200][0.567s] Compressed Oops: Enabled (32-bit)
[2021-10-21T07:22:06.651+0200][0.567s] Heap Region Size: 1M
[2021-10-21T07:22:06.651+0200][0.567s] Heap Min Capacity: 512M
[2021-10-21T07:22:06.651+0200][0.567s] Heap Initial Capacity: 512M
[2021-10-21T07:22:06.651+0200][0.567s] Heap Max Capacity: 512M
[2021-10-21T07:22:06.651+0200][0.567s] Pre-touch: Enabled
[2021-10-21T07:22:06.651+0200][0.568s] Parallel Workers: 8
[2021-10-21T07:22:06.651+0200][0.568s] Concurrent Workers: 2
[2021-10-21T07:22:06.651+0200][0.568s] Concurrent Refinement Workers: 8
[2021-10-21T07:22:06.651+0200][0.568s] Periodic GC: Disabled
[2021-10-21T07:22:06.655+0200][0.572s] CDS archive(s) mapped at: [0x0000000800000000-0x0000000800b50000-0x0000000800b50000), size 11862016, SharedBaseAddress: 0x0000000800000000, ArchiveRelocationMode: 0.
[2021-10-21T07:22:06.655+0200][0.572s] Compressed class space mapped at: 0x0000000800b50000-0x0000000840b50000, size: 1073741824
[2021-10-21T07:22:06.655+0200][0.572s] Narrow klass base: 0x0000000800000000, Narrow klass shift: 3, Narrow klass range: 0x100000000
[2021-10-21T07:22:12.200+0200][6.117s] GC(0) Pause Young (Normal) (G1 Evacuation Pause)
[2021-10-21T07:22:12.201+0200][6.117s] GC(0) Using 8 workers of 8 for evacuation
[2021-10-21T07:22:12.208+0200][6.125s] GC(0)   Pre Evacuate Collection Set: 0.9ms
[2021-10-21T07:22:12.208+0200][6.125s] GC(0)   Merge Heap Roots: 0.1ms
[2021-10-21T07:22:12.208+0200][6.125s] GC(0)   Evacuate Collection Set: 4.3ms
[2021-10-21T07:22:12.208+0200][6.125s] GC(0)   Post Evacuate Collection Set: 1.0ms
[2021-10-21T07:22:12.208+0200][6.125s] GC(0)   Other: 2.3ms
[2021-10-21T07:22:12.209+0200][6.125s] GC(0) Eden regions: 29->0(42)
[2021-10-21T07:22:12.209+0200][6.125s] GC(0) Survivor regions: 0->4(4)
[2021-10-21T07:22:12.209+0200][6.125s] GC(0) Old regions: 0->0
[2021-10-21T07:22:12.209+0200][6.125s] GC(0) Archive regions: 0->0
[2021-10-21T07:22:12.209+0200][6.125s] GC(0) Humongous regions: 0->0
[2021-10-21T07:22:12.209+0200][6.126s] GC(0) Metaspace: 6741K(7808K)->6741K(7808K) NonClass: 5963K(6912K)->5963K(6912K) Class: 777K(896K)->777K(896K)
[2021-10-21T07:22:12.209+0200][6.126s] GC(0) Pause Young (Normal) (G1 Evacuation Pause) 29M->3M(512M) 9.053ms
[2021-10-21T07:22:12.209+0200][6.126s] GC(0) User=0.02s Sys=0.02s Real=0.01s
[2021-10-21T07:22:13.329+0200][7.245s] GC(1) Pause Young (Normal) (G1 Evacuation Pause)
[2021-10-21T07:22:13.329+0200][7.245s] GC(1) Using 8 workers of 8 for evacuation
[2021-10-21T07:22:13.343+0200][7.259s] GC(1)   Pre Evacuate Collection Set: 0.1ms
[2021-10-21T07:22:13.343+0200][7.259s] GC(1)   Merge Heap Roots: 0.1ms
[2021-10-21T07:22:13.343+0200][7.259s] GC(1)   Evacuate Collection Set: 12.7ms
[2021-10-21T07:22:13.343+0200][7.259s] GC(1)   Post Evacuate Collection Set: 1.0ms
[2021-10-21T07:22:13.343+0200][7.259s] GC(1)   Other: 0.2ms
[2021-10-21T07:22:13.343+0200][7.259s] GC(1) Eden regions: 42->0(301)
[2021-10-21T07:22:13.343+0200][7.259s] GC(1) Survivor regions: 4->6(6)
[2021-10-21T07:22:13.343+0200][7.259s] GC(1) Old regions: 0->7
[2021-10-21T07:22:13.343+0200][7.259s] GC(1) Archive regions: 0->0
[2021-10-21T07:22:13.343+0200][7.259s] GC(1) Humongous regions: 4->4
[2021-10-21T07:22:13.343+0200][7.260s] GC(1) Metaspace: 14473K(14848K)->14473K(14848K) NonClass: 12804K(13056K)->12804K(13056K) Class: 1668K(1792K)->1668K(1792K)
[2021-10-21T07:22:13.343+0200][7.260s] GC(1) Pause Young (Normal) (G1 Evacuation Pause) 49M->16M(512M) 14.722ms
[2021-10-21T07:22:13.343+0200][7.260s] GC(1) User=0.12s Sys=0.00s Real=0.01s
[2021-10-21T07:22:15.573+0200][9.490s] GC(2) Pause Young (Concurrent Start) (Metadata GC Threshold)
[2021-10-21T07:22:15.573+0200][9.490s] GC(2) Using 8 workers of 8 for evacuation
[2021-10-21T07:22:15.585+0200][9.503s] GC(2)   Pre Evacuate Collection Set: 0.2ms
[2021-10-21T07:22:15.586+0200][9.503s] GC(2)   Merge Heap Roots: 0.2ms
[2021-10-21T07:22:15.586+0200][9.503s] GC(2)   Evacuate Collection Set: 9.8ms
[2021-10-21T07:22:15.586+0200][9.503s] GC(2)   Post Evacuate Collection Set: 1.4ms
[2021-10-21T07:22:15.586+0200][9.503s] GC(2)   Other: 1.1ms
[2021-10-21T07:22:15.586+0200][9.503s] GC(2) Eden regions: 53->0(182)
[2021-10-21T07:22:15.586+0200][9.503s] GC(2) Survivor regions: 6->14(39)
[2021-10-21T07:22:15.586+0200][9.503s] GC(2) Old regions: 7->7
[2021-10-21T07:22:15.586+0200][9.503s] GC(2) Archive regions: 0->0
[2021-10-21T07:22:15.586+0200][9.503s] GC(2) Humongous regions: 4->4
[2021-10-21T07:22:15.586+0200][9.503s] GC(2) Metaspace: 20878K(21296K)->20878K(21296K) NonClass: 18573K(18864K)->18573K(18864K) Class: 2305K(2432K)->2305K(2432K)
[2021-10-21T07:22:15.586+0200][9.503s] GC(2) Pause Young (Concurrent Start) (Metadata GC Threshold) 68M->23M(512M) 13.043ms
[2021-10-21T07:22:15.586+0200][9.503s] GC(2) User=0.12s Sys=0.00s Real=0.01s
[2021-10-21T07:22:15.586+0200][9.503s] GC(3) Concurrent Cycle
[2021-10-21T07:22:15.586+0200][9.503s] GC(3) Concurrent Clear Claimed Marks
[2021-10-21T07:22:15.586+0200][9.503s] GC(3) Concurrent Clear Claimed Marks 0.090ms
[2021-10-21T07:22:15.586+0200][9.503s] GC(3) Concurrent Scan Root Regions
[2021-10-21T07:22:15.593+0200][9.510s] GC(3) Concurrent Scan Root Regions 6.968ms
[2021-10-21T07:22:15.593+0200][9.510s] GC(3) Concurrent Mark (9.510s)
[2021-10-21T07:22:15.593+0200][9.510s] GC(3) Concurrent Mark From Roots
[2021-10-21T07:22:15.594+0200][9.511s] GC(3) Using 2 workers of 2 for marking
[2021-10-21T07:22:15.616+0200][9.533s] GC(3) Concurrent Mark From Roots 22.078ms
[2021-10-21T07:22:15.616+0200][9.533s] GC(3) Concurrent Preclean
[2021-10-21T07:22:15.616+0200][9.533s] GC(3) Concurrent Preclean 0.408ms
[2021-10-21T07:22:15.616+0200][9.533s] GC(3) Concurrent Mark (9.510s, 9.533s) 22.690ms
[2021-10-21T07:22:15.616+0200][9.533s] GC(3) Pause Remark
[2021-10-21T07:22:15.619+0200][9.536s] GC(3) Pause Remark 25M->25M(512M) 2.960ms
[2021-10-21T07:22:15.619+0200][9.536s] GC(3) User=0.00s Sys=0.00s Real=0.00s
[2021-10-21T07:22:15.620+0200][9.537s] GC(3) Concurrent Rebuild Remembered Sets
[2021-10-21T07:22:15.632+0200][9.549s] GC(3) Concurrent Rebuild Remembered Sets 12.155ms
[2021-10-21T07:22:15.633+0200][9.550s] GC(3) Pause Cleanup
[2021-10-21T07:22:15.633+0200][9.550s] GC(3) Pause Cleanup 26M->26M(512M) 0.231ms
[2021-10-21T07:22:15.633+0200][9.550s] GC(3) User=0.00s Sys=0.00s Real=0.00s
[2021-10-21T07:22:15.633+0200][9.550s] GC(3) Concurrent Cleanup for Next Mark
[2021-10-21T07:22:15.635+0200][9.552s] GC(3) Concurrent Cleanup for Next Mark 1.634ms
[2021-10-21T07:22:15.635+0200][9.552s] GC(3) Concurrent Cycle 49.031ms
[2021-10-21T07:22:20.731+0200][14.648s] GC(4) Pause Young (Concurrent Start) (G1 Evacuation Pause)
[2021-10-21T07:22:20.731+0200][14.648s] GC(4) Using 8 workers of 8 for evacuation
[2021-10-21T07:22:20.747+0200][14.664s] GC(4)   Pre Evacuate Collection Set: 0.2ms
[2021-10-21T07:22:20.747+0200][14.664s] GC(4)   Merge Heap Roots: 0.1ms
[2021-10-21T07:22:20.747+0200][14.664s] GC(4)   Evacuate Collection Set: 14.1ms
[2021-10-21T07:22:20.747+0200][14.664s] GC(4)   Post Evacuate Collection Set: 1.4ms
[2021-10-21T07:22:20.747+0200][14.664s] GC(4)   Other: 0.5ms
[2021-10-21T07:22:20.747+0200][14.664s] GC(4) Eden regions: 190->0(287)
[2021-10-21T07:22:20.747+0200][14.664s] GC(4) Survivor regions: 14->20(26)
[2021-10-21T07:22:20.747+0200][14.664s] GC(4) Old regions: 7->7
[2021-10-21T07:22:20.748+0200][14.664s] GC(4) Archive regions: 0->0
[2021-10-21T07:22:20.748+0200][14.664s] GC(4) Humongous regions: 4->4
[2021-10-21T07:22:20.748+0200][14.664s] GC(4) Metaspace: 33998K(34684K)->33998K(34684K) NonClass: 30233K(30640K)->30233K(30640K) Class: 3765K(4044K)->3765K(4044K)
[2021-10-21T07:22:20.748+0200][14.664s] GC(4) Pause Young (Concurrent Start) (G1 Evacuation Pause) 213M->30M(512M) 16.791ms
[2021-10-21T07:22:20.748+0200][14.665s] GC(4) User=0.11s Sys=0.00s Real=0.02s
[2021-10-21T07:22:20.748+0200][14.665s] GC(5) Concurrent Cycle
[2021-10-21T07:22:20.748+0200][14.665s] GC(5) Concurrent Clear Claimed Marks
[2021-10-21T07:22:20.748+0200][14.665s] GC(5) Concurrent Clear Claimed Marks 0.071ms
[2021-10-21T07:22:20.748+0200][14.665s] GC(5) Concurrent Scan Root Regions
[2021-10-21T07:22:20.762+0200][14.678s] GC(5) Concurrent Scan Root Regions 13.481ms
[2021-10-21T07:22:20.762+0200][14.679s] GC(5) Concurrent Mark (14.679s)
[2021-10-21T07:22:20.762+0200][14.679s] GC(5) Concurrent Mark From Roots
[2021-10-21T07:22:20.762+0200][14.679s] GC(5) Using 2 workers of 2 for marking
[2021-10-21T07:22:20.784+0200][14.700s] GC(5) Concurrent Mark From Roots 21.745ms
[2021-10-21T07:22:20.784+0200][14.700s] GC(5) Concurrent Preclean
[2021-10-21T07:22:20.784+0200][14.701s] GC(5) Concurrent Preclean 0.424ms
[2021-10-21T07:22:20.784+0200][14.701s] GC(5) Concurrent Mark (14.679s, 14.701s) 22.411ms
[2021-10-21T07:22:20.785+0200][14.701s] GC(5) Pause Remark
[2021-10-21T07:22:20.787+0200][14.704s] GC(5) Pause Remark 41M->41M(512M) 2.815ms
[2021-10-21T07:22:20.788+0200][14.704s] GC(5) User=0.12s Sys=0.00s Real=0.00s
[2021-10-21T07:22:20.788+0200][14.705s] GC(5) Concurrent Rebuild Remembered Sets
[2021-10-21T07:22:20.798+0200][14.714s] GC(5) Concurrent Rebuild Remembered Sets 9.176ms
[2021-10-21T07:22:20.798+0200][14.715s] GC(5) Pause Cleanup
[2021-10-21T07:22:20.798+0200][14.715s] GC(5) Pause Cleanup 46M->46M(512M) 0.237ms
[2021-10-21T07:22:20.798+0200][14.715s] GC(5) User=0.00s Sys=0.00s Real=0.00s
[2021-10-21T07:22:20.800+0200][14.716s] GC(5) Concurrent Cleanup for Next Mark
[2021-10-21T07:22:20.801+0200][14.718s] GC(5) Concurrent Cleanup for Next Mark 1.347ms
[2021-10-21T07:22:20.801+0200][14.718s] GC(5) Concurrent Cycle 53.179ms
[2021-10-21T07:22:21.955+0200][15.872s] GC(6) Pause Young (Normal) (G1 Evacuation Pause)
[2021-10-21T07:22:21.955+0200][15.872s] GC(6) Using 8 workers of 8 for evacuation
[2021-10-21T07:22:21.973+0200][15.890s] GC(6)   Pre Evacuate Collection Set: 0.1ms
[2021-10-21T07:22:21.973+0200][15.890s] GC(6)   Merge Heap Roots: 0.1ms
[2021-10-21T07:22:21.973+0200][15.890s] GC(6)   Evacuate Collection Set: 15.9ms
[2021-10-21T07:22:21.973+0200][15.890s] GC(6)   Post Evacuate Collection Set: 1.4ms
[2021-10-21T07:22:21.973+0200][15.890s] GC(6)   Other: 0.3ms
[2021-10-21T07:22:21.973+0200][15.890s] GC(6) Eden regions: 287->0(285)
[2021-10-21T07:22:21.973+0200][15.890s] GC(6) Survivor regions: 20->22(39)
[2021-10-21T07:22:21.973+0200][15.890s] GC(6) Old regions: 7->7
[2021-10-21T07:22:21.973+0200][15.890s] GC(6) Archive regions: 0->0
[2021-10-21T07:22:21.974+0200][15.890s] GC(6) Humongous regions: 5->4
[2021-10-21T07:22:21.974+0200][15.890s] GC(6) Metaspace: 39085K(39676K)->39085K(39676K) NonClass: 34626K(34992K)->34626K(34992K) Class: 4458K(4684K)->4458K(4684K)
[2021-10-21T07:22:21.974+0200][15.890s] GC(6) Pause Young (Normal) (G1 Evacuation Pause) 318M->31M(512M) 18.257ms
[2021-10-21T07:22:21.974+0200][15.890s] GC(6) User=0.17s Sys=0.00s Real=0.02s
[2021-10-21T12:56:44.786+0200][20078.728s] GC(7) Pause Young (Normal) (G1 Evacuation Pause)
[2021-10-21T12:56:44.787+0200][20078.729s] GC(7) Using 8 workers of 8 for evacuation
[2021-10-21T12:56:45.030+0200][20078.971s] GC(7)   Pre Evacuate Collection Set: 2.9ms
[2021-10-21T12:56:45.030+0200][20078.971s] GC(7)   Merge Heap Roots: 1.3ms
[2021-10-21T12:56:45.030+0200][20078.971s] GC(7)   Evacuate Collection Set: 231.9ms
[2021-10-21T12:56:45.030+0200][20078.971s] GC(7)   Post Evacuate Collection Set: 5.2ms
[2021-10-21T12:56:45.030+0200][20078.971s] GC(7)   Other: 3.6ms
[2021-10-21T12:56:45.030+0200][20078.971s] GC(7) Eden regions: 285->0(279)
[2021-10-21T12:56:45.030+0200][20078.971s] GC(7) Survivor regions: 22->28(39)
[2021-10-21T12:56:45.030+0200][20078.971s] GC(7) Old regions: 7->13
[2021-10-21T12:56:45.030+0200][20078.971s] GC(7) Archive regions: 0->0
[2021-10-21T12:56:45.030+0200][20078.971s] GC(7) Humongous regions: 7->7
[2021-10-21T12:56:45.030+0200][20078.971s] GC(7) Metaspace: 49825K(50428K)->49825K(50428K) NonClass: 44103K(44464K)->44103K(44464K) Class: 5722K(5964K)->5722K(5964K)
[2021-10-21T12:56:45.031+0200][20078.972s] GC(7) Pause Young (Normal) (G1 Evacuation Pause) 319M->47M(512M) 243.670ms
[2021-10-21T12:56:45.031+0200][20078.972s] GC(7) User=0.45s Sys=1.03s Real=0.24s
[2021-10-21T22:03:25.480+0200][52879.520s] Heap
[2021-10-21T22:03:25.480+0200][52879.520s]  garbage-first heap   total 524288K, used 318496K [0x00000000e0000000, 0x0000000100000000)
[2021-10-21T22:03:25.480+0200][52879.520s]   region size 1024K, 293 young (300032K), 28 survivors (28672K)
[2021-10-21T22:03:25.480+0200][52879.520s]  Metaspace       used 52187K, capacity 52736K, committed 52860K, reserved 1095680K
[2021-10-21T22:03:25.480+0200][52879.520s]   class space    used 5892K, capacity 6078K, committed 6092K, reserved 1048576K
